Component: ARM Compiler 5.06 update 7 (build 960) Tool: armlink [4d3601]

==============================================================================

Section Cross References

    startup_stm32g031xx.o(RESET) refers to startup_stm32g031xx.o(STACK) for __initial_sp
    startup_stm32g031xx.o(RESET) refers to startup_stm32g031xx.o(.text) for Reset_Handler
    startup_stm32g031xx.o(RESET) refers to stm32g0xx_it.o(i.NMI_Handler) for NMI_Handler
    startup_stm32g031xx.o(RESET) refers to stm32g0xx_it.o(i.HardFault_Handler) for HardFault_Handler
    startup_stm32g031xx.o(RESET) refers to stm32g0xx_it.o(i.SVC_Handler) for SVC_Handler
    startup_stm32g031xx.o(RESET) refers to stm32g0xx_it.o(i.PendSV_Handler) for PendSV_Handler
    startup_stm32g031xx.o(RESET) refers to stm32g0xx_it.o(i.SysTick_Handler) for SysTick_Handler
    startup_stm32g031xx.o(RESET) refers to stm32g0xx_it.o(i.TIM14_IRQHandler) for TIM14_IRQHandler
    startup_stm32g031xx.o(RESET) refers to stm32g0xx_it.o(i.TIM16_IRQHandler) for TIM16_IRQHandler
    startup_stm32g031xx.o(RESET) refers to stm32g0xx_it.o(i.USART1_IRQHandler) for USART1_IRQHandler
    startup_stm32g031xx.o(.text) refers to system_stm32g0xx.o(i.SystemInit) for SystemInit
    startup_stm32g031xx.o(.text) refers to entry.o(.ARM.Collect$$$$00000000) for __main
    qy.o(i.Adjust_LED_Brightness) refers to story.o(i.Store_Save) for Store_Save
    qy.o(i.Adjust_LED_Brightness) refers to story.o(.bss) for Store_Data
    qy.o(i.Adjust_LED_Brightness) refers to qy.o(.data) for .data
    qy.o(i.Handle_KeyEvent) refers to stm32g0xx_hal.o(i.HAL_Delay) for HAL_Delay
    qy.o(i.Handle_KeyEvent) refers to qy.o(.data) for .data
    qy.o(i.QY_ScanAndSendCmd) refers to qy.o(i.QY_TxTecodemo) for QY_TxTecodemo
    qy.o(i.QY_ScanAndSendCmd) refers to stm32g0xx_hal_gpio.o(i.HAL_GPIO_ReadPin) for HAL_GPIO_ReadPin
    qy.o(i.QY_ScanAndSendCmd) refers to qy.o(i.Handle_KeyEvent) for Handle_KeyEvent
    qy.o(i.QY_ScanAndSendCmd) refers to qy.o(.constdata) for .constdata
    qy.o(i.QY_ScanAndSendCmd) refers to qy.o(.data) for .data
    qy.o(i.QY_TxTecodemo) refers to qy.o(i.key_scan_with_longpress) for key_scan_with_longpress
    qy.o(i.QY_TxTecodemo) refers to qy.o(.data) for .data
    qy.o(i.RS485_SendByCase) refers to stm32g0xx_hal_gpio.o(i.HAL_GPIO_WritePin) for HAL_GPIO_WritePin
    qy.o(i.RS485_SendByCase) refers to qy.o(i.SendBufferToUARTs) for SendBufferToUARTs
    qy.o(i.RS485_SendByCase) refers to qy.o(.constdata) for .constdata
    qy.o(i.RS485_Slave_Process) refers to qy.o(i.RS485_SendByCase) for RS485_SendByCase
    qy.o(i.RS485_Slave_Process) refers to qy.o(.data) for .data
    qy.o(i.RS485_Slave_Process) refers to qy.o(.constdata) for .constdata
    qy.o(i.RS485_Slave_Process) refers to usart.o(.bss) for huart1
    qy.o(i.SendBufferToUARTs) refers to stm32g0xx_hal_uart.o(i.HAL_UART_Transmit) for HAL_UART_Transmit
    qy.o(i.Switch_KeyCommand) refers to memcpya.o(.text) for __aeabi_memcpy4
    qy.o(i.Switch_KeyCommand) refers to qy.o(i.key_scan) for key_scan
    qy.o(i.Switch_KeyCommand) refers to story.o(i.Store_Save) for Store_Save
    qy.o(i.Switch_KeyCommand) refers to printf1.o(i.__0printf$1) for __2printf
    qy.o(i.Switch_KeyCommand) refers to qy.o(.constdata) for .constdata
    qy.o(i.Switch_KeyCommand) refers to qy.o(.data) for .data
    qy.o(i.Switch_KeyCommand) refers to story.o(.bss) for Store_Data
    qy.o(i.key_scan) refers to stm32g0xx_hal_gpio.o(i.HAL_GPIO_ReadPin) for HAL_GPIO_ReadPin
    qy.o(i.key_scan) refers to stm32g0xx_hal.o(i.HAL_Delay) for HAL_Delay
    qy.o(i.key_scan) refers to qy.o(.data) for .data
    qy.o(i.key_scan_with_longpress) refers to stm32g0xx_hal_gpio.o(i.HAL_GPIO_ReadPin) for HAL_GPIO_ReadPin
    qy.o(i.key_scan_with_longpress) refers to stm32g0xx_hal.o(i.HAL_GetTick) for HAL_GetTick
    qy.o(i.key_scan_with_longpress) refers to stm32g0xx_hal.o(i.HAL_Delay) for HAL_Delay
    qy.o(i.key_scan_with_longpress) refers to qy.o(.data) for .data
    qy.o(i.mode_key_scan) refers to stm32g0xx_hal_gpio.o(i.HAL_GPIO_ReadPin) for HAL_GPIO_ReadPin
    qy.o(i.mode_key_scan) refers to stm32g0xx_hal.o(i.HAL_GetTick) for HAL_GetTick
    qy.o(i.mode_key_scan) refers to qy.o(.data) for .data
    story.o(i.Flash_Erase_Page) refers to stm32g0xx_hal_flash.o(i.HAL_FLASH_Unlock) for HAL_FLASH_Unlock
    story.o(i.Flash_Erase_Page) refers to stm32g0xx_hal_flash_ex.o(i.HAL_FLASHEx_Erase) for HAL_FLASHEx_Erase
    story.o(i.Flash_Erase_Page) refers to stm32g0xx_hal_flash.o(i.HAL_FLASH_Lock) for HAL_FLASH_Lock
    story.o(i.Flash_Write_DoubleWord) refers to stm32g0xx_hal_flash.o(i.HAL_FLASH_Unlock) for HAL_FLASH_Unlock
    story.o(i.Flash_Write_DoubleWord) refers to stm32g0xx_hal_flash.o(i.HAL_FLASH_Program) for HAL_FLASH_Program
    story.o(i.Flash_Write_DoubleWord) refers to stm32g0xx_hal_flash.o(i.HAL_FLASH_Lock) for HAL_FLASH_Lock
    story.o(i.Store_Init) refers to story.o(i.Flash_Erase_Page) for Flash_Erase_Page
[...]
    Removing stm32g0xx_hal_tim.o(i.HAL_TIM_OnePulse_ConfigChannel), (232 bytes).
    Removing stm32g0xx_hal_tim.o(i.HAL_TIM_OnePulse_DeInit), (68 bytes).
    Removing stm32g0xx_hal_tim.o(i.HAL_TIM_OnePulse_GetState), (6 bytes).
    Removing stm32g0xx_hal_tim.o(i.HAL_TIM_OnePulse_Init), (84 bytes).
    Removing stm32g0xx_hal_tim.o(i.HAL_TIM_OnePulse_MspDeInit), (2 bytes).
    Removing stm32g0xx_hal_tim.o(i.HAL_TIM_OnePulse_MspInit), (2 bytes).
    Removing stm32g0xx_hal_tim.o(i.HAL_TIM_OnePulse_Start), (116 bytes).
    Removing stm32g0xx_hal_tim.o(i.HAL_TIM_OnePulse_Start_IT), (132 bytes).
    Removing stm32g0xx_hal_tim.o(i.HAL_TIM_OnePulse_Stop), (128 bytes).
    Removing stm32g0xx_hal_tim.o(i.HAL_TIM_OnePulse_Stop_IT), (148 bytes).
    Removing stm32g0xx_hal_tim.o(i.HAL_TIM_PWM_DeInit), (84 bytes).
    Removing stm32g0xx_hal_tim.o(i.HAL_TIM_PWM_GetState), (6 bytes).
    Removing stm32g0xx_hal_tim.o(i.HAL_TIM_PWM_MspDeInit), (2 bytes).
    Removing stm32g0xx_hal_tim.o(i.HAL_TIM_PWM_PulseFinishedHalfCpltCallback), (2 bytes).
    Removing stm32g0xx_hal_tim.o(i.HAL_TIM_PWM_Start_DMA), (456 bytes).
    Removing stm32g0xx_hal_tim.o(i.HAL_TIM_PWM_Start_IT), (240 bytes).
    Removing stm32g0xx_hal_tim.o(i.HAL_TIM_PWM_Stop), (152 bytes).
    Removing stm32g0xx_hal_tim.o(i.HAL_TIM_PWM_Stop_DMA), (244 bytes).
    Removing stm32g0xx_hal_tim.o(i.HAL_TIM_PWM_Stop_IT), (212 bytes).
    Removing stm32g0xx_hal_tim.o(i.HAL_TIM_PeriodElapsedCallback), (2 bytes).
    Removing stm32g0xx_hal_tim.o(i.HAL_TIM_PeriodElapsedHalfCpltCallback), (2 bytes).
    Removing stm32g0xx_hal_tim.o(i.HAL_TIM_ReadCapturedValue), (44 bytes).
    Removing stm32g0xx_hal_tim.o(i.HAL_TIM_SlaveConfigSynchro), (76 bytes).
    Removing stm32g0xx_hal_tim.o(i.HAL_TIM_SlaveConfigSynchro_IT), (76 bytes).
    Removing stm32g0xx_hal_tim.o(i.HAL_TIM_TriggerHalfCpltCallback), (2 bytes).
    Removing stm32g0xx_hal_tim.o(i.TIM_DMACaptureCplt), (118 bytes).
    Removing stm32g0xx_hal_tim.o(i.TIM_DMACaptureHalfCplt), (56 bytes).
    Removing stm32g0xx_hal_tim.o(i.TIM_DMADelayPulseCplt), (102 bytes).
    Removing stm32g0xx_hal_tim.o(i.TIM_DMADelayPulseHalfCplt), (56 bytes).
    Removing stm32g0xx_hal_tim.o(i.TIM_DMAError), (84 bytes).
    Removing stm32g0xx_hal_tim.o(i.TIM_DMAPeriodElapsedCplt), (24 bytes).
    Removing stm32g0xx_hal_tim.o(i.TIM_DMAPeriodElapsedHalfCplt), (10 bytes).
    Removing stm32g0xx_hal_tim.o(i.TIM_DMATriggerCplt), (24 bytes).
    Removing stm32g0xx_hal_tim.o(i.TIM_DMATriggerHalfCplt), (10 bytes).
    Removing stm32g0xx_hal_tim.o(i.TIM_SlaveTimer_SetConfig), (148 bytes).
    Removing stm32g0xx_hal_tim.o(i.TIM_TI1_SetConfig), (76 bytes).
    Removing stm32g0xx_hal_tim.o(i.TIM_TI2_SetConfig), (52 bytes).
    Removing stm32g0xx_hal_tim_ex.o(.rev16_text), (4 bytes).
    Removing stm32g0xx_hal_tim_ex.o(.revsh_text), (4 bytes).
    Removing stm32g0xx_hal_tim_ex.o(i.HAL_TIMEx_CommutHalfCpltCallback), (2 bytes).
    Removing stm32g0xx_hal_tim_ex.o(i.HAL_TIMEx_ConfigBreakDeadTime), (168 bytes).
    Removing stm32g0xx_hal_tim_ex.o(i.HAL_TIMEx_ConfigBreakInput), (120 bytes).
    Removing stm32g0xx_hal_tim_ex.o(i.HAL_TIMEx_ConfigCommutEvent), (112 bytes).
    Removing stm32g0xx_hal_tim_ex.o(i.HAL_TIMEx_ConfigCommutEvent_DMA), (144 bytes).
    Removing stm32g0xx_hal_tim_ex.o(i.HAL_TIMEx_ConfigCommutEvent_IT), (112 bytes).
    Removing stm32g0xx_hal_tim_ex.o(i.HAL_TIMEx_DisarmBreakInput), (68 bytes).
    Removing stm32g0xx_hal_tim_ex.o(i.HAL_TIMEx_GetChannelNState), (30 bytes).
    Removing stm32g0xx_hal_tim_ex.o(i.HAL_TIMEx_GroupChannel5), (50 bytes).
    Removing stm32g0xx_hal_tim_ex.o(i.HAL_TIMEx_HallSensor_DeInit), (68 bytes).
    Removing stm32g0xx_hal_tim_ex.o(i.HAL_TIMEx_HallSensor_GetState), (6 bytes).
    Removing stm32g0xx_hal_tim_ex.o(i.HAL_TIMEx_HallSensor_Init), (208 bytes).
    Removing stm32g0xx_hal_tim_ex.o(i.HAL_TIMEx_HallSensor_MspDeInit), (2 bytes).
    Removing stm32g0xx_hal_tim_ex.o(i.HAL_TIMEx_HallSensor_MspInit), (2 bytes).
    Removing stm32g0xx_hal_tim_ex.o(i.HAL_TIMEx_HallSensor_Start), (120 bytes).
    Removing stm32g0xx_hal_tim_ex.o(i.HAL_TIMEx_HallSensor_Start_DMA), (188 bytes).
    Removing stm32g0xx_hal_tim_ex.o(i.HAL_TIMEx_HallSensor_Start_IT), (128 bytes).
    Removing stm32g0xx_hal_tim_ex.o(i.HAL_TIMEx_HallSensor_Stop), (64 bytes).
    Removing stm32g0xx_hal_tim_ex.o(i.HAL_TIMEx_HallSensor_Stop_DMA), (76 bytes).
    Removing stm32g0xx_hal_tim_ex.o(i.HAL_TIMEx_HallSensor_Stop_IT), (76 bytes).
    Removing stm32g0xx_hal_tim_ex.o(i.HAL_TIMEx_OCN_Start), (144 bytes).
    Removing stm32g0xx_hal_tim_ex.o(i.HAL_TIMEx_OCN_Start_DMA), (336 bytes).
    Removing stm32g0xx_hal_tim_ex.o(i.HAL_TIMEx_OCN_Start_IT), (180 bytes).
    Removing stm32g0xx_hal_tim_ex.o(i.HAL_TIMEx_OCN_Stop), (108 bytes).
    Removing stm32g0xx_hal_tim_ex.o(i.HAL_TIMEx_OCN_Stop_DMA), (176 bytes).
    Removing stm32g0xx_hal_tim_ex.o(i.HAL_TIMEx_OCN_Stop_IT), (168 bytes).
    Removing stm32g0xx_hal_tim_ex.o(i.HAL_TIMEx_OnePulseN_Start), (98 bytes).
    Removing stm32g0xx_hal_tim_ex.o(i.HAL_TIMEx_OnePulseN_Start_IT), (116 bytes).
    Removing stm32g0xx_hal_tim_ex.o(i.HAL_TIMEx_OnePulseN_Stop), (112 bytes).
    Removing stm32g0xx_hal_tim_ex.o(i.HAL_TIMEx_OnePulseN_Stop_IT), (132 bytes).
    Removing stm32g0xx_hal_tim_ex.o(i.HAL_TIMEx_PWMN_Start), (144 bytes).
    Removing stm32g0xx_hal_tim_ex.o(i.HAL_TIMEx_PWMN_Start_DMA), (336 bytes).
    Removing stm32g0xx_hal_tim_ex.o(i.HAL_TIMEx_PWMN_Start_IT), (180 bytes).
    Removing stm32g0xx_hal_tim_ex.o(i.HAL_TIMEx_PWMN_Stop), (108 bytes).
    Removing stm32g0xx_hal_tim_ex.o(i.HAL_TIMEx_PWMN_Stop_DMA), (176 bytes).
    Removing stm32g0xx_hal_tim_ex.o(i.HAL_TIMEx_PWMN_Stop_IT), (168 bytes).
    Removing stm32g0xx_hal_tim_ex.o(i.HAL_TIMEx_ReArmBreakInput), (112 bytes).
    Removing stm32g0xx_hal_tim_ex.o(i.HAL_TIMEx_RemapConfig), (40 bytes).
    Removing stm32g0xx_hal_tim_ex.o(i.HAL_TIMEx_TISelection), (82 bytes).
    Removing stm32g0xx_hal_tim_ex.o(i.TIMEx_DMACommutationCplt), (16 bytes).
    Removing stm32g0xx_hal_tim_ex.o(i.TIMEx_DMACommutationHalfCplt), (16 bytes).
    Removing stm32g0xx_hal_tim_ex.o(i.TIM_CCxNChannelCmd), (26 bytes).
    Removing stm32g0xx_hal_tim_ex.o(i.TIM_DMADelayPulseNCplt), (80 bytes).
    Removing stm32g0xx_hal_tim_ex.o(i.TIM_DMAErrorCCxN), (62 bytes).
    Removing stm32g0xx_hal_uart.o(.rev16_text), (4 bytes).
    Removing stm32g0xx_hal_uart.o(.revsh_text), (4 bytes).
    Removing stm32g0xx_hal_uart.o(i.HAL_HalfDuplex_EnableReceiver), (78 bytes).
    Removing stm32g0xx_hal_uart.o(i.HAL_HalfDuplex_EnableTransmitter), (78 bytes).
    Removing stm32g0xx_hal_uart.o(i.HAL_HalfDuplex_Init), (118 bytes).
    Removing stm32g0xx_hal_uart.o(i.HAL_LIN_Init), (146 bytes).
    Removing stm32g0xx_hal_uart.o(i.HAL_LIN_SendBreak), (42 bytes).
    Removing stm32g0xx_hal_uart.o(i.HAL_MultiProcessor_DisableMuteMode), (58 bytes).
    Removing stm32g0xx_hal_uart.o(i.HAL_MultiProcessor_EnableMuteMode), (58 bytes).
    Removing stm32g0xx_hal_uart.o(i.HAL_MultiProcessor_EnterMuteMode), (12 bytes).
    Removing stm32g0xx_hal_uart.o(i.HAL_MultiProcessor_Init), (144 bytes).
    Removing stm32g0xx_hal_uart.o(i.HAL_UART_Abort), (276 bytes).
    Removing stm32g0xx_hal_uart.o(i.HAL_UART_AbortCpltCallback), (2 bytes).
    Removing stm32g0xx_hal_uart.o(i.HAL_UART_AbortReceive), (192 bytes).
    Removing stm32g0xx_hal_uart.o(i.HAL_UART_AbortReceiveCpltCallback), (2 bytes).
    Removing stm32g0xx_hal_uart.o(i.HAL_UART_AbortReceive_IT), (204 bytes).
    Removing stm32g0xx_hal_uart.o(i.HAL_UART_AbortTransmit), (158 bytes).
    Removing stm32g0xx_hal_uart.o(i.HAL_UART_AbortTransmitCpltCallback), (2 bytes).
    Removing stm32g0xx_hal_uart.o(i.HAL_UART_AbortTransmit_IT), (172 bytes).
    Removing stm32g0xx_hal_uart.o(i.HAL_UART_Abort_IT), (320 bytes).
    Removing stm32g0xx_hal_uart.o(i.HAL_UART_DMAPause), (134 bytes).
    Removing stm32g0xx_hal_uart.o(i.HAL_UART_DMAResume), (128 bytes).
    Removing stm32g0xx_hal_uart.o(i.HAL_UART_DMAStop), (154 bytes).
    Removing stm32g0xx_hal_uart.o(i.HAL_UART_DeInit), (66 bytes).
    Removing stm32g0xx_hal_uart.o(i.HAL_UART_DisableReceiverTimeout), (64 bytes).
    Removing stm32g0xx_hal_uart.o(i.HAL_UART_EnableReceiverTimeout), (64 bytes).
    Removing stm32g0xx_hal_uart.o(i.HAL_UART_GetError), (6 bytes).
    Removing stm32g0xx_hal_uart.o(i.HAL_UART_GetState), (12 bytes).
    Removing stm32g0xx_hal_uart.o(i.HAL_UART_MspDeInit), (2 bytes).
    Removing stm32g0xx_hal_uart.o(i.HAL_UART_MspInit), (2 bytes).
    Removing stm32g0xx_hal_uart.o(i.HAL_UART_Receive), (264 bytes).
    Removing stm32g0xx_hal_uart.o(i.HAL_UART_Receive_DMA), (100 bytes).
    Removing stm32g0xx_hal_uart.o(i.HAL_UART_ReceiverTimeout_Config), (24 bytes).
    Removing stm32g0xx_hal_uart.o(i.HAL_UART_RxCpltCallback), (2 bytes).
    Removing stm32g0xx_hal_uart.o(i.HAL_UART_RxHalfCpltCallback), (2 bytes).
    Removing stm32g0xx_hal_uart.o(i.HAL_UART_Transmit_DMA), (172 bytes).
    Removing stm32g0xx_hal_uart.o(i.HAL_UART_Transmit_IT), (184 bytes).
    Removing stm32g0xx_hal_uart.o(i.HAL_UART_TxHalfCpltCallback), (2 bytes).
    Removing stm32g0xx_hal_uart.o(i.UART_DMAError), (78 bytes).
    Removing stm32g0xx_hal_uart.o(i.UART_DMAReceiveCplt), (156 bytes).
    Removing stm32g0xx_hal_uart.o(i.UART_DMARxAbortCallback), (66 bytes).
    Removing stm32g0xx_hal_uart.o(i.UART_DMARxHalfCplt), (32 bytes).
    Removing stm32g0xx_hal_uart.o(i.UART_DMARxOnlyAbortCallback), (40 bytes).
    Removing stm32g0xx_hal_uart.o(i.UART_DMATransmitCplt), (76 bytes).
    Removing stm32g0xx_hal_uart.o(i.UART_DMATxAbortCallback), (76 bytes).
    Removing stm32g0xx_hal_uart.o(i.UART_DMATxHalfCplt), (10 bytes).
    Removing stm32g0xx_hal_uart.o(i.UART_DMATxOnlyAbortCallback), (42 bytes).
    Removing stm32g0xx_hal_uart.o(i.UART_EndTxTransfer), (60 bytes).
    Removing stm32g0xx_hal_uart.o(i.UART_Start_Receive_DMA), (172 bytes).
    Removing stm32g0xx_hal_uart.o(i.UART_TxISR_16BIT), (96 bytes).
    Removing stm32g0xx_hal_uart.o(i.UART_TxISR_16BIT_FIFOEN), (116 bytes).
    Removing stm32g0xx_hal_uart.o(i.UART_TxISR_8BIT), (92 bytes).
    Removing stm32g0xx_hal_uart.o(i.UART_TxISR_8BIT_FIFOEN), (112 bytes).
    Removing stm32g0xx_hal_uart_ex.o(.rev16_text), (4 bytes).
    Removing stm32g0xx_hal_uart_ex.o(.revsh_text), (4 bytes).
    Removing stm32g0xx_hal_uart_ex.o(i.HAL_MultiProcessorEx_AddressLength_Set), (54 bytes).
    Removing stm32g0xx_hal_uart_ex.o(i.HAL_RS485Ex_Init), (144 bytes).
    Removing stm32g0xx_hal_uart_ex.o(i.HAL_UARTEx_DisableStopMode), (48 bytes).
    Removing stm32g0xx_hal_uart_ex.o(i.HAL_UARTEx_EnableFifoMode), (62 bytes).
    Removing stm32g0xx_hal_uart_ex.o(i.HAL_UARTEx_EnableStopMode), (48 bytes).
    Removing stm32g0xx_hal_uart_ex.o(i.HAL_UARTEx_GetRxEventType), (4 bytes).
    Removing stm32g0xx_hal_uart_ex.o(i.HAL_UARTEx_ReceiveToIdle), (332 bytes).
    Removing stm32g0xx_hal_uart_ex.o(i.HAL_UARTEx_ReceiveToIdle_DMA), (108 bytes).
    Removing stm32g0xx_hal_uart_ex.o(i.HAL_UARTEx_ReceiveToIdle_IT), (106 bytes).
    Removing stm32g0xx_hal_uart_ex.o(i.HAL_UARTEx_StopModeWakeUpSourceConfig), (152 bytes).
    Removing system_stm32g0xx.o(.rev16_text), (4 bytes).
    Removing system_stm32g0xx.o(.revsh_text), (4 bytes).
    Removing system_stm32g0xx.o(i.SystemCoreClockUpdate), (144 bytes).
    Removing dadd.o(.text), (360 bytes).
    Removing dmul.o(.text), (208 bytes).
    Removing ddiv.o(.text), (240 bytes).
    Removing dfixul.o(.text), (64 bytes).
    Removing cdrcmple.o(.text), (40 bytes).
    Removing depilogue.o(.text), (190 bytes).
    Removing depilogue.o(i.__ARM_clz), (46 bytes).

422 unused section(s) (total 30732 bytes) removed from the image.

==============================================================================

Image Symbol Table

    Local Symbols

    Symbol Name                              Value     Ov Type        Size  Object(Section)

    ../Core/Src/gpio.c                       0x00000000   Number         0  gpio.o ABSOLUTE
    ../Core/Src/iwdg.c                       0x00000000   Number         0  iwdg.o ABSOLUTE
    ../Core/Src/main.c                       0x00000000   Number         0  main.o ABSOLUTE
    ../Core/Src/stm32g0xx_hal_msp.c          0x00000000   Number         0  stm32g0xx_hal_msp.o ABSOLUTE
    ../Core/Src/stm32g0xx_it.c               0x00000000   Number         0  stm32g0xx_it.o ABSOLUTE
    ../Core/Src/system_stm32g0xx.c           0x00000000   Number         0  system_stm32g0xx.o ABSOLUTE
    ../Core/Src/tim.c                        0x00000000   Number         0  tim.o ABSOLUTE
    ../Core/Src/usart.c                      0x00000000   Number         0  usart.o ABSOLUTE
    ../Drivers/STM32G0xx_HAL_Driver/Src/stm32g0xx_hal.c 0x00000000   Number         0  stm32g0xx_hal.o ABSOLUTE
    ../Drivers/STM32G0xx_HAL_Driver/Src/stm32g0xx_hal_cortex.c 0x00000000   Number         0  stm32g0xx_hal_cortex.o ABSOLUTE
    ../Drivers/STM32G0xx_HAL_Driver/Src/stm32g0xx_hal_dma.c 0x00000000   Number         0  stm32g0xx_hal_dma.o ABSOLUTE
    ../Drivers/STM32G0xx_HAL_Driver/Src/stm32g0xx_hal_dma_ex.c 0x00000000   Number         0  stm32g0xx_hal_dma_ex.o ABSOLUTE
    ../Drivers/STM32G0xx_HAL_Driver/Src/stm32g0xx_hal_exti.c 0x00000000   Number         0  stm32g0xx_hal_exti.o ABSOLUTE
    ../Drivers/STM32G0xx_HAL_Driver/Src/stm32g0xx_hal_flash.c 0x00000000   Number         0  stm32g0xx_hal_flash.o ABSOLUTE
    ../Drivers/STM32G0xx_HAL_Driver/Src/stm32g0xx_hal_flash_ex.c 0x00000000   Number         0  stm32g0xx_hal_flash_ex.o ABSOLUTE
    ../Drivers/STM32G0xx_HAL_Driver/Src/stm32g0xx_hal_gpio.c 0x00000000   Number         0  stm32g0xx_hal_gpio.o ABSOLUTE
    ../Drivers/STM32G0xx_HAL_Driver/Src/stm32g0xx_hal_iwdg.c 0x00000000   Number         0  stm32g0xx_hal_iwdg.o ABSOLUTE
    ../Drivers/STM32G0xx_HAL_Driver/Src/stm32g0xx_hal_pwr.c 0x00000000   Number         0  stm32g0xx_hal_pwr.o ABSOLUTE
    ../Drivers/STM32G0xx_HAL_Driver/Src/stm32g0xx_hal_pwr_ex.c 0x00000000   Number         0  stm32g0xx_hal_pwr_ex.o ABSOLUTE
    ../Drivers/STM32G0xx_HAL_Driver/Src/stm32g0xx_hal_rcc.c 0x00000000   Number         0  stm32g0xx_hal_rcc.o ABSOLUTE
    ../Drivers/STM32G0xx_HAL_Driver/Src/stm32g0xx_hal_rcc_ex.c 0x00000000   Number         0  stm32g0xx_hal_rcc_ex.o ABSOLUTE
    ../Drivers/STM32G0xx_HAL_Driver/Src/stm32g0xx_hal_tim.c 0x00000000   Number         0  stm32g0xx_hal_tim.o ABSOLUTE
    ../Drivers/STM32G0xx_HAL_Driver/Src/stm32g0xx_hal_tim_ex.c 0x00000000   Number         0  stm32g0xx_hal_tim_ex.o ABSOLUTE
    ../Drivers/STM32G0xx_HAL_Driver/Src/stm32g0xx_hal_uart.c 0x00000000   Number         0  stm32g0xx_hal_uart.o ABSOLUTE
    ../Drivers/STM32G0xx_HAL_Driver/Src/stm32g0xx_hal_uart_ex.c 0x00000000   Number         0  stm32g0xx_hal_uart_ex.o ABSOLUTE
    ../Drivers/STM32G0xx_HAL_Driver/Src/stm32g0xx_ll_rcc.c 0x00000000   Number         0  stm32g0xx_ll_rcc.o ABSOLUTE
    ../clib/microlib/division.c              0x00000000   Number         0  uidiv.o ABSOLUTE
    ../clib/microlib/division.c              0x00000000   Number         0  uldiv.o ABSOLUTE
    ../clib/microlib/init/entry.s            0x00000000   Number         0  entry7b.o ABSOLUTE
    ../clib/microlib/init/entry.s            0x00000000   Number         0  entry8a.o ABSOLUTE
    ../clib/microlib/init/entry.s            0x00000000   Number         0  entry2.o ABSOLUTE
    ../clib/microlib/init/entry.s            0x00000000   Number         0  entry5.o ABSOLUTE
    ../clib/microlib/init/entry.s            0x00000000   Number         0  entry9a.o ABSOLUTE
    ../clib/microlib/init/entry.s            0x00000000   Number         0  entry9b.o ABSOLUTE
    ../clib/microlib/init/entry.s            0x00000000   Number         0  entry.o ABSOLUTE
    ../clib/microlib/init/entry.s            0x00000000   Number         0  entry10a.o ABSOLUTE
    ../clib/microlib/init/entry.s            0x00000000   Number         0  entry10b.o ABSOLUTE
    ../clib/microlib/init/entry.s            0x00000000   Number         0  entry11a.o ABSOLUTE
    ../clib/microlib/init/entry.s            0x00000000   Number         0  entry7a.o ABSOLUTE
    ../clib/microlib/init/entry.s            0x00000000   Number         0  entry11b.o ABSOLUTE
    ../clib/microlib/init/entry.s            0x00000000   Number         0  entry8b.o ABSOLUTE
    ../clib/microlib/init/entry.s            0x00000000   Number         0  entry12a.o ABSOLUTE
    ../clib/microlib/init/entry.s            0x00000000   Number         0  entry12b.o ABSOLUTE
    ../clib/microlib/longlong.c              0x00000000   Number         0  llushr.o ABSOLUTE
    ../clib/microlib/longlong.c              0x00000000   Number         0  llshl.o ABSOLUTE
    ../clib/microlib/longlong.c              0x00000000   Number         0  llsshr.o ABSOLUTE
    ../clib/microlib/printf/printf.c         0x00000000   Number         0  printf7.o ABSOLUTE
    ../clib/microlib/printf/printf.c         0x00000000   Number         0  printf6.o ABSOLUTE
    ../clib/microlib/printf/printf.c         0x00000000   Number         0  printf5.o ABSOLUTE
    ../clib/microlib/printf/printf.c         0x00000000   Number         0  printf4.o ABSOLUTE
    ../clib/microlib/printf/printf.c         0x00000000   Number         0  printf8.o ABSOLUTE
    ../clib/microlib/printf/printf.c         0x00000000   Number         0  printf2.o ABSOLUTE
    ../clib/microlib/printf/printf.c         0x00000000   Number         0  printf1.o ABSOLUTE
    ../clib/microlib/printf/printf.c         0x00000000   Number         0  printf0.o ABSOLUTE
    ../clib/microlib/printf/printf.c         0x00000000   Number         0  printfb.o ABSOLUTE
    ../clib/microlib/printf/printf.c         0x00000000   Number         0  printf3.o ABSOLUTE
    ../clib/microlib/printf/printf.c         0x00000000   Number         0  printfa.o ABSOLUTE
    ../clib/microlib/printf/stubs.s          0x00000000   Number         0  stubs.o ABSOLUTE
    ../clib/microlib/stdio/streams.c         0x00000000   Number         0  stdout.o ABSOLUTE
    ../clib/microlib/string/memcpy.c         0x00000000   Number         0  memcpyb.o ABSOLUTE
    ../clib/microlib/string/memcpy.c         0x00000000   Number         0  memcpya.o ABSOLUTE
    ../clib/microlib/string/memset.c         0x00000000   Number         0  memseta.o ABSOLUTE
    ../clib/microlib/stubs.s                 0x00000000   Number         0  iusefp.o ABSOLUTE
    ../fplib/microlib/fpadd.c                0x00000000   Number         0  dadd.o ABSOLUTE
    ../fplib/microlib/fpdiv.c                0x00000000   Number         0  ddiv.o ABSOLUTE
    ../fplib/microlib/fpepilogue.c           0x00000000   Number         0  depilogue.o ABSOLUTE
    ../fplib/microlib/fpfix.c                0x00000000   Number         0  dfixul.o ABSOLUTE
    ../fplib/microlib/fpmul.c                0x00000000   Number         0  dmul.o ABSOLUTE
    ..\Core\Src\QY.c                         0x00000000   Number         0  qy.o ABSOLUTE
    ..\Core\Src\gpio.c                       0x00000000   Number         0  gpio.o ABSOLUTE
    ..\Core\Src\iwdg.c                       0x00000000   Number         0  iwdg.o ABSOLUTE
    ..\Core\Src\main.c                       0x00000000   Number         0  main.o ABSOLUTE
    ..\Core\Src\stm32g0xx_hal_msp.c          0x00000000   Number         0  stm32g0xx_hal_msp.o ABSOLUTE
    ..\Core\Src\stm32g0xx_it.c               0x00000000   Number         0  stm32g0xx_it.o ABSOLUTE
    ..\Core\Src\story.c                      0x00000000   Number         0  story.o ABSOLUTE
    ..\Core\Src\system_stm32g0xx.c           0x00000000   Number         0  system_stm32g0xx.o ABSOLUTE
    ..\Core\Src\tim.c                        0x00000000   Number         0  tim.o ABSOLUTE
    ..\Core\Src\usart.c                      0x00000000   Number         0  usart.o ABSOLUTE
    ..\Drivers\STM32G0xx_HAL_Driver\Src\stm32g0xx_hal.c 0x00000000   Number         0  stm32g0xx_hal.o ABSOLUTE
    ..\Drivers\STM32G0xx_HAL_Driver\Src\stm32g0xx_hal_cortex.c 0x00000000   Number         0  stm32g0xx_hal_cortex.o ABSOLUTE
    ..\Drivers\STM32G0xx_HAL_Driver\Src\stm32g0xx_hal_dma.c 0x00000000   Number         0  stm32g0xx_hal_dma.o ABSOLUTE
    ..\Drivers\STM32G0xx_HAL_Driver\Src\stm32g0xx_hal_dma_ex.c 0x00000000   Number         0  stm32g0xx_hal_dma_ex.o ABSOLUTE
    ..\Drivers\STM32G0xx_HAL_Driver\Src\stm32g0xx_hal_exti.c 0x00000000   Number         0  stm32g0xx_hal_exti.o ABSOLUTE
    ..\Drivers\STM32G0xx_HAL_Driver\Src\stm32g0xx_hal_flash.c 0x00000000   Number         0  stm32g0xx_hal_flash.o ABSOLUTE
    ..\Drivers\STM32G0xx_HAL_Driver\Src\stm32g0xx_hal_flash_ex.c 0x00000000   Number         0  stm32g0xx_hal_flash_ex.o ABSOLUTE
    ..\Drivers\STM32G0xx_HAL_Driver\Src\stm32g0xx_hal_gpio.c 0x00000000   Number         0  stm32g0xx_hal_gpio.o ABSOLUTE
    ..\Drivers\STM32G0xx_HAL_Driver\Src\stm32g0xx_hal_iwdg.c 0x00000000   Number         0  stm32g0xx_hal_iwdg.o ABSOLUTE
    ..\Drivers\STM32G0xx_HAL_Driver\Src\stm32g0xx_hal_pwr.c 0x00000000   Number         0  stm32g0xx_hal_pwr.o ABSOLUTE
    ..\Drivers\STM32G0xx_HAL_Driver\Src\stm32g0xx_hal_pwr_ex.c 0x00000000   Number         0  stm32g0xx_hal_pwr_ex.o ABSOLUTE
    ..\Drivers\STM32G0xx_HAL_Driver\Src\stm32g0xx_hal_rcc.c 0x00000000   Number         0  stm32g0xx_hal_rcc.o ABSOLUTE
    ..\Drivers\STM32G0xx_HAL_Driver\Src\stm32g0xx_hal_rcc_ex.c 0x00000000   Number         0  stm32g0xx_hal_rcc_ex.o ABSOLUTE
    ..\Drivers\STM32G0xx_HAL_Driver\Src\stm32g0xx_hal_tim.c 0x00000000   Number         0  stm32g0xx_hal_tim.o ABSOLUTE
    ..\Drivers\STM32G0xx_HAL_Driver\Src\stm32g0xx_hal_tim_ex.c 0x00000000   Number         0  stm32g0xx_hal_tim_ex.o ABSOLUTE
    ..\Drivers\STM32G0xx_HAL_Driver\Src\stm32g0xx_hal_uart.c 0x00000000   Number         0  stm32g0xx_hal_uart.o ABSOLUTE
    ..\Drivers\STM32G0xx_HAL_Driver\Src\stm32g0xx_hal_uart_ex.c 0x00000000   Number         0  stm32g0xx_hal_uart_ex.o ABSOLUTE
    ..\\Core\\Src\\QY.c                      0x00000000   Number         0  qy.o ABSOLUTE
    ..\\Core\\Src\\story.c                   0x00000000   Number         0  story.o ABSOLUTE
    cdrcmple.s                               0x00000000   Number         0  cdrcmple.o ABSOLUTE
    dc.s                                     0x00000000   Number         0  dc.o ABSOLUTE
    handlers.s                               0x00000000   Number         0  handlers.o ABSOLUTE
    init.s                                   0x00000000   Number         0  init.o ABSOLUTE
    startup_stm32g031xx.s                    0x00000000   Number         0  startup_stm32g031xx.o ABSOLUTE
    RESET                                    0x08000000   Section      192  startup_stm32g031xx.o(RESET)
    .ARM.Collect$$$$00000000                 0x080000c0   Section        0  entry.o(.ARM.Collect$$$$00000000)
    .ARM.Collect$$$$00000001                 0x080000c0   Section        4  entry2.o(.ARM.Collect$$$$00000001)
    .ARM.Collect$$$$00000004                 0x080000c4   Section        4  entry5.o(.ARM.Collect$$$$00000004)
    .ARM.Collect$$$$00000008                 0x080000c8   Section        0  entry7b.o(.ARM.Collect$$$$00000008)
    .ARM.Collect$$$$0000000A                 0x080000c8   Section        0  entry8b.o(.ARM.Collect$$$$0000000A)
    .ARM.Collect$$$$0000000B                 0x080000c8   Section        8  entry9a.o(.ARM.Collect$$$$0000000B)
    .ARM.Collect$$$$0000000E                 0x080000d0   Section        4  entry12b.o(.ARM.Collect$$$$0000000E)
    .ARM.Collect$$$$0000000F                 0x080000d4   Section        0  entry10a.o(.ARM.Collect$$$$0000000F)
    .ARM.Collect$$$$00000011                 0x080000d4   Section        0  entry11a.o(.ARM.Collect$$$$00000011)
    .ARM.Collect$$$$00002712                 0x080000d4   Section        4  entry2.o(.ARM.Collect$$$$00002712)
    __lit__00000000                          0x080000d4   Data           4  entry2.o(.ARM.Collect$$$$00002712)
    .text                                    0x080000d8   Section       28  startup_stm32g031xx.o(.text)
    .text                                    0x080000f4   Section        0  uidiv.o(.text)
    .text                                    0x08000120   Section        0  uldiv.o(.text)
    .text                                    0x08000180   Section        0  memseta.o(.text)
    .text                                    0x080001a4   Section        0  llshl.o(.text)
    .text                                    0x080001c4   Section        0  llushr.o(.text)
    .text                                    0x080001e8   Section       36  init.o(.text)
    i.Error_Handler                          0x0800020c   Section        0  main.o(i.Error_Handler)
    i.FLASH_MassErase                        0x08000210   Section        0  stm32g0xx_hal_flash_ex.o(i.FLASH_MassErase)
    FLASH_MassErase                          0x08000211   Thumb Code    16  stm32g0xx_hal_flash_ex.o(i.FLASH_MassErase)
    i.FLASH_PageErase                        0x08000224   Section        0  stm32g0xx_hal_flash_ex.o(i.FLASH_PageErase)
    i.FLASH_Program_DoubleWord               0x08000244   Section        0  stm32g0xx_hal_flash.o(i.FLASH_Program_DoubleWord)
    FLASH_Program_DoubleWord                 0x08000245   Thumb Code    22  stm32g0xx_hal_flash.o(i.FLASH_Program_DoubleWord)
    i.FLASH_Program_Fast                     0x08000260   Section        0  stm32g0xx_hal_flash.o(i.FLASH_Program_Fast)
    FLASH_Program_Fast                       0x08000261   Thumb Code    46  stm32g0xx_hal_flash.o(i.FLASH_Program_Fast)
    i.FLASH_WaitForLastOperation             0x08000294   Section        0  stm32g0xx_hal_flash.o(i.FLASH_WaitForLastOperation)
    i.Flash_Erase_Page                       0x080002fc   Section        0  story.o(i.Flash_Erase_Page)
    i.Flash_Write_DoubleWord                 0x08000332   Section        0  story.o(i.Flash_Write_DoubleWord)
    i.HAL_DMA_Abort                          0x08000350   Section        0  stm32g0xx_hal_dma.o(i.HAL_DMA_Abort)
    i.HAL_DMA_Abort_IT                       0x080003c4   Section        0  stm32g0xx_hal_dma.o(i.HAL_DMA_Abort_IT)
    i.HAL_Delay                              0x08000440   Section        0  stm32g0xx_hal.o(i.HAL_Delay)
    i.HAL_FLASHEx_Erase                      0x08000464   Section        0  stm32g0xx_hal_flash_ex.o(i.HAL_FLASHEx_Erase)
    i.HAL_FLASH_Lock                         0x080004ec   Section        0  stm32g0xx_hal_flash.o(i.HAL_FLASH_Lock)
    i.HAL_FLASH_Program                      0x08000514   Section        0  stm32g0xx_hal_flash.o(i.HAL_FLASH_Program)
    i.HAL_FLASH_Unlock                       0x08000574   Section        0  stm32g0xx_hal_flash.o(i.HAL_FLASH_Unlock)
    i.HAL_GPIO_Init                          0x0800059c   Section        0  stm32g0xx_hal_gpio.o(i.HAL_GPIO_Init)
    i.HAL_GPIO_ReadPin                       0x080006f8   Section        0  stm32g0xx_hal_gpio.o(i.HAL_GPIO_ReadPin)
    i.HAL_GPIO_WritePin                      0x08000702   Section        0  stm32g0xx_hal_gpio.o(i.HAL_GPIO_WritePin)
    i.HAL_GetTick                            0x08000710   Section        0  stm32g0xx_hal.o(i.HAL_GetTick)
    i.HAL_IWDG_Init                          0x0800071c   Section        0  stm32g0xx_hal_iwdg.o(i.HAL_IWDG_Init)
    i.HAL_IWDG_Refresh                       0x08000788   Section        0  stm32g0xx_hal_iwdg.o(i.HAL_IWDG_Refresh)
    i.HAL_IncTick                            0x08000798   Section        0  stm32g0xx_hal.o(i.HAL_IncTick)
    i.HAL_Init                               0x080007a8   Section        0  stm32g0xx_hal.o(i.HAL_Init)
    i.HAL_InitTick                           0x080007d0   Section        0  stm32g0xx_hal.o(i.HAL_InitTick)
    i.HAL_MspInit                            0x08000818   Section        0  stm32g0xx_hal_msp.o(i.HAL_MspInit)
    i.HAL_NVIC_EnableIRQ                     0x08000844   Section        0  stm32g0xx_hal_cortex.o(i.HAL_NVIC_EnableIRQ)
    i.HAL_NVIC_SetPriority                   0x0800085c   Section        0  stm32g0xx_hal_cortex.o(i.HAL_NVIC_SetPriority)
    i.HAL_PWREx_ControlVoltageScaling        0x08000864   Section        0  stm32g0xx_hal_pwr_ex.o(i.HAL_PWREx_ControlVoltageScaling)
    i.HAL_RCCEx_PeriphCLKConfig              0x080008b0   Section        0  stm32g0xx_hal_rcc_ex.o(i.HAL_RCCEx_PeriphCLKConfig)
    i.HAL_RCC_ClockConfig                    0x08000a60   Section        0  stm32g0xx_hal_rcc.o(i.HAL_RCC_ClockConfig)
    i.HAL_RCC_GetPCLK1Freq                   0x08000bb8   Section        0  stm32g0xx_hal_rcc.o(i.HAL_RCC_GetPCLK1Freq)
    i.HAL_RCC_GetSysClockFreq                0x08000be0   Section        0  stm32g0xx_hal_rcc.o(i.HAL_RCC_GetSysClockFreq)
    i.HAL_RCC_OscConfig                      0x08000c6c   Section        0  stm32g0xx_hal_rcc.o(i.HAL_RCC_OscConfig)
    i.HAL_SYSTICK_Config                     0x08001054   Section        0  stm32g0xx_hal_cortex.o(i.HAL_SYSTICK_Config)
    i.HAL_TIMEx_Break2Callback               0x08001084   Section        0  stm32g0xx_hal_tim_ex.o(i.HAL_TIMEx_Break2Callback)
    i.HAL_TIMEx_BreakCallback                0x08001086   Section        0  stm32g0xx_hal_tim_ex.o(i.HAL_TIMEx_BreakCallback)
    i.HAL_TIMEx_CommutCallback               0x08001088   Section        0  stm32g0xx_hal_tim_ex.o(i.HAL_TIMEx_CommutCallback)
    i.HAL_TIMEx_MasterConfigSynchronization  0x0800108c   Section        0  stm32g0xx_hal_tim_ex.o(i.HAL_TIMEx_MasterConfigSynchronization)
    i.HAL_TIM_Base_Init                      0x080010f8   Section        0  stm32g0xx_hal_tim.o(i.HAL_TIM_Base_Init)
    i.HAL_TIM_Base_MspInit                   0x08001144   Section        0  tim.o(i.HAL_TIM_Base_MspInit)
    i.HAL_TIM_Base_Start_IT                  0x080011bc   Section        0  stm32g0xx_hal_tim.o(i.HAL_TIM_Base_Start_IT)
    i.HAL_TIM_ConfigClockSource              0x08001214   Section        0  stm32g0xx_hal_tim.o(i.HAL_TIM_ConfigClockSource)
    i.HAL_TIM_IC_CaptureCallback             0x080012f4   Section        0  stm32g0xx_hal_tim.o(i.HAL_TIM_IC_CaptureCallback)
    i.HAL_TIM_IRQHandler                     0x080012f8   Section        0  stm32g0xx_hal_tim.o(i.HAL_TIM_IRQHandler)
    i.HAL_TIM_MspPostInit                    0x08001440   Section        0  tim.o(i.HAL_TIM_MspPostInit)
    i.HAL_TIM_OC_DelayElapsedCallback        0x08001488   Section        0  stm32g0xx_hal_tim.o(i.HAL_TIM_OC_DelayElapsedCallback)
    i.HAL_TIM_PWM_ConfigChannel              0x0800148a   Section        0  stm32g0xx_hal_tim.o(i.HAL_TIM_PWM_ConfigChannel)
    i.HAL_TIM_PWM_Init                       0x080015b2   Section        0  stm32g0xx_hal_tim.o(i.HAL_TIM_PWM_Init)
    i.HAL_TIM_PWM_MspInit                    0x080015fe   Section        0  stm32g0xx_hal_tim.o(i.HAL_TIM_PWM_MspInit)
    i.HAL_TIM_PWM_PulseFinishedCallback      0x08001600   Section        0  stm32g0xx_hal_tim.o(i.HAL_TIM_PWM_PulseFinishedCallback)
    i.HAL_TIM_PWM_Start                      0x08001604   Section        0  stm32g0xx_hal_tim.o(i.HAL_TIM_PWM_Start)
    i.HAL_TIM_PeriodElapsedCallback          0x080016cc   Section        0  stm32g0xx_it.o(i.HAL_TIM_PeriodElapsedCallback)
    i.HAL_TIM_TriggerCallback                0x080016fc   Section        0  stm32g0xx_hal_tim.o(i.HAL_TIM_TriggerCallback)
    i.HAL_UARTEx_DisableFifoMode             0x080016fe   Section        0  stm32g0xx_hal_uart_ex.o(i.HAL_UARTEx_DisableFifoMode)
    i.HAL_UARTEx_RxEventCallback             0x0800173a   Section        0  stm32g0xx_hal_uart.o(i.HAL_UARTEx_RxEventCallback)
    i.HAL_UARTEx_RxFifoFullCallback          0x0800173c   Section        0  stm32g0xx_hal_uart_ex.o(i.HAL_UARTEx_RxFifoFullCallback)
    i.HAL_UARTEx_SetRxFifoThreshold          0x0800173e   Section        0  stm32g0xx_hal_uart_ex.o(i.HAL_UARTEx_SetRxFifoThreshold)
    i.HAL_UARTEx_SetTxFifoThreshold          0x08001786   Section        0  stm32g0xx_hal_uart_ex.o(i.HAL_UARTEx_SetTxFifoThreshold)
    i.HAL_UARTEx_TxFifoEmptyCallback         0x080017cc   Section        0  stm32g0xx_hal_uart_ex.o(i.HAL_UARTEx_TxFifoEmptyCallback)
    i.HAL_UARTEx_WakeupCallback              0x080017ce   Section        0  stm32g0xx_hal_uart_ex.o(i.HAL_UARTEx_WakeupCallback)
    i.HAL_UART_ErrorCallback                 0x080017d0   Section        0  stm32g0xx_hal_uart.o(i.HAL_UART_ErrorCallback)
    i.HAL_UART_IRQHandler                    0x080017d4   Section        0  stm32g0xx_hal_uart.o(i.HAL_UART_IRQHandler)
    i.HAL_UART_Init                          0x08001ac4   Section        0  stm32g0xx_hal_uart.o(i.HAL_UART_Init)
    i.HAL_UART_MspInit                       0x08001b30   Section        0  usart.o(i.HAL_UART_MspInit)
    i.HAL_UART_Receive_IT                    0x08001bfc   Section        0  stm32g0xx_hal_uart.o(i.HAL_UART_Receive_IT)
    i.HAL_UART_RxCpltCallback                0x08001c60   Section        0  stm32g0xx_it.o(i.HAL_UART_RxCpltCallback)
    i.HAL_UART_Transmit                      0x08001cd8   Section        0  stm32g0xx_hal_uart.o(i.HAL_UART_Transmit)
    i.HAL_UART_TxCpltCallback                0x08001da6   Section        0  stm32g0xx_hal_uart.o(i.HAL_UART_TxCpltCallback)
    i.Handle_KeyEvent                        0x08001da8   Section        0  qy.o(i.Handle_KeyEvent)
    i.HardFault_Handler                      0x08001e24   Section        0  stm32g0xx_it.o(i.HardFault_Handler)
    i.MX_GPIO_Init                           0x08001e28   Section        0  gpio.o(i.MX_GPIO_Init)
    i.MX_IWDG_Init                           0x08001ebc   Section        0  iwdg.o(i.MX_IWDG_Init)
    i.MX_TIM14_Init                          0x08001eec   Section        0  tim.o(i.MX_TIM14_Init)
    i.MX_TIM16_Init                          0x08001f24   Section        0  tim.o(i.MX_TIM16_Init)
    i.MX_TIM2_Init                           0x08001f60   Section        0  tim.o(i.MX_TIM2_Init)
    i.MX_USART1_UART_Init                    0x08002008   Section        0  usart.o(i.MX_USART1_UART_Init)
    i.MX_USART2_UART_Init                    0x08002070   Section        0  usart.o(i.MX_USART2_UART_Init)
    i.NMI_Handler                            0x080020ac   Section        0  stm32g0xx_it.o(i.NMI_Handler)
    i.PendSV_Handler                         0x080020ae   Section        0  stm32g0xx_it.o(i.PendSV_Handler)
    i.QY_ScanAndSendCmd                      0x080020b0   Section        0  qy.o(i.QY_ScanAndSendCmd)
    i.QY_TxTecodemo                          0x080021d0   Section        0  qy.o(i.QY_TxTecodemo)
    i.RS485_SendByCase                       0x080021f0   Section        0  qy.o(i.RS485_SendByCase)
    i.RS485_Slave_Process                    0x0800223c   Section        0  qy.o(i.RS485_Slave_Process)
    i.SVC_Handler                            0x08002260   Section        0  stm32g0xx_it.o(i.SVC_Handler)
    i.SendBufferToUARTs                      0x08002262   Section        0  qy.o(i.SendBufferToUARTs)
    i.Store_Init                             0x08002288   Section        0  story.o(i.Store_Init)
    i.SysTick_Handler                        0x080022dc   Section        0  stm32g0xx_it.o(i.SysTick_Handler)
    i.SystemClock_Config                     0x080022e4   Section        0  main.o(i.SystemClock_Config)
    i.SystemInit                             0x0800235a   Section        0  system_stm32g0xx.o(i.SystemInit)
    i.TIM14_IRQHandler                       0x0800235c   Section        0  stm32g0xx_it.o(i.TIM14_IRQHandler)
    i.TIM16_IRQHandler                       0x0800236c   Section        0  stm32g0xx_it.o(i.TIM16_IRQHandler)
    i.TIM_Base_SetConfig                     0x0800237c   Section        0  stm32g0xx_hal_tim.o(i.TIM_Base_SetConfig)
    i.TIM_CCxChannelCmd                      0x08002410   Section        0  stm32g0xx_hal_tim.o(i.TIM_CCxChannelCmd)
    i.TIM_ETR_SetConfig                      0x0800242a   Section        0  stm32g0xx_hal_tim.o(i.TIM_ETR_SetConfig)
    i.TIM_ITRx_SetConfig                     0x08002440   Section        0  stm32g0xx_hal_tim.o(i.TIM_ITRx_SetConfig)
    TIM_ITRx_SetConfig                       0x08002441   Thumb Code    16  stm32g0xx_hal_tim.o(i.TIM_ITRx_SetConfig)
    i.TIM_OC1_SetConfig                      0x08002454   Section        0  stm32g0xx_hal_tim.o(i.TIM_OC1_SetConfig)
    TIM_OC1_SetConfig                        0x08002455   Thumb Code   108  stm32g0xx_hal_tim.o(i.TIM_OC1_SetConfig)
    i.TIM_OC2_SetConfig                      0x080024d0   Section        0  stm32g0xx_hal_tim.o(i.TIM_OC2_SetConfig)
    i.TIM_OC3_SetConfig                      0x0800254c   Section        0  stm32g0xx_hal_tim.o(i.TIM_OC3_SetConfig)
    TIM_OC3_SetConfig                        0x0800254d   Thumb Code   108  stm32g0xx_hal_tim.o(i.TIM_OC3_SetConfig)
    i.TIM_OC4_SetConfig                      0x080025c8   Section        0  stm32g0xx_hal_tim.o(i.TIM_OC4_SetConfig)
    TIM_OC4_SetConfig                        0x080025c9   Thumb Code    88  stm32g0xx_hal_tim.o(i.TIM_OC4_SetConfig)
    i.TIM_OC5_SetConfig                      0x08002630   Section        0  stm32g0xx_hal_tim.o(i.TIM_OC5_SetConfig)
    TIM_OC5_SetConfig                        0x08002631   Thumb Code    74  stm32g0xx_hal_tim.o(i.TIM_OC5_SetConfig)
    i.TIM_OC6_SetConfig                      0x0800268c   Section        0  stm32g0xx_hal_tim.o(i.TIM_OC6_SetConfig)
    TIM_OC6_SetConfig                        0x0800268d   Thumb Code    84  stm32g0xx_hal_tim.o(i.TIM_OC6_SetConfig)
    i.TIM_TI1_ConfigInputStage               0x080026f0   Section        0  stm32g0xx_hal_tim.o(i.TIM_TI1_ConfigInputStage)
    TIM_TI1_ConfigInputStage                 0x080026f1   Thumb Code    34  stm32g0xx_hal_tim.o(i.TIM_TI1_ConfigInputStage)
    i.TIM_TI2_ConfigInputStage               0x08002712   Section        0  stm32g0xx_hal_tim.o(i.TIM_TI2_ConfigInputStage)
    TIM_TI2_ConfigInputStage                 0x08002713   Thumb Code    38  stm32g0xx_hal_tim.o(i.TIM_TI2_ConfigInputStage)
    i.UARTEx_SetNbDataToProcess              0x08002738   Section        0  stm32g0xx_hal_uart_ex.o(i.UARTEx_SetNbDataToProcess)
    UARTEx_SetNbDataToProcess                0x08002739   Thumb Code    62  stm32g0xx_hal_uart_ex.o(i.UARTEx_SetNbDataToProcess)
    i.UART_AdvFeatureConfig                  0x0800277c   Section        0  stm32g0xx_hal_uart.o(i.UART_AdvFeatureConfig)
    i.UART_CheckIdleState                    0x08002848   Section        0  stm32g0xx_hal_uart.o(i.UART_CheckIdleState)
    i.UART_DMAAbortOnError                   0x08002900   Section        0  stm32g0xx_hal_uart.o(i.UART_DMAAbortOnError)
    UART_DMAAbortOnError                     0x08002901   Thumb Code    20  stm32g0xx_hal_uart.o(i.UART_DMAAbortOnError)
    i.UART_EndRxTransfer                     0x08002914   Section        0  stm32g0xx_hal_uart.o(i.UART_EndRxTransfer)
    UART_EndRxTransfer                       0x08002915   Thumb Code    96  stm32g0xx_hal_uart.o(i.UART_EndRxTransfer)
    i.UART_RxISR_16BIT                       0x08002978   Section        0  stm32g0xx_hal_uart.o(i.UART_RxISR_16BIT)
    UART_RxISR_16BIT                         0x08002979   Thumb Code   212  stm32g0xx_hal_uart.o(i.UART_RxISR_16BIT)
    i.UART_RxISR_16BIT_FIFOEN                0x08002a50   Section        0  stm32g0xx_hal_uart.o(i.UART_RxISR_16BIT_FIFOEN)
    UART_RxISR_16BIT_FIFOEN                  0x08002a51   Thumb Code   434  stm32g0xx_hal_uart.o(i.UART_RxISR_16BIT_FIFOEN)
    i.UART_RxISR_8BIT                        0x08002c10   Section        0  stm32g0xx_hal_uart.o(i.UART_RxISR_8BIT)
    UART_RxISR_8BIT                          0x08002c11   Thumb Code   212  stm32g0xx_hal_uart.o(i.UART_RxISR_8BIT)
    i.UART_RxISR_8BIT_FIFOEN                 0x08002ce8   Section        0  stm32g0xx_hal_uart.o(i.UART_RxISR_8BIT_FIFOEN)
    UART_RxISR_8BIT_FIFOEN                   0x08002ce9   Thumb Code   434  stm32g0xx_hal_uart.o(i.UART_RxISR_8BIT_FIFOEN)
    i.UART_SetConfig                         0x08002ea8   Section        0  stm32g0xx_hal_uart.o(i.UART_SetConfig)
    i.UART_Start_Receive_IT                  0x080030b4   Section        0  stm32g0xx_hal_uart.o(i.UART_Start_Receive_IT)
    i.UART_WaitOnFlagUntilTimeout            0x080031e0   Section        0  stm32g0xx_hal_uart.o(i.UART_WaitOnFlagUntilTimeout)
    i.USART1_IRQHandler                      0x08003270   Section        0  stm32g0xx_it.o(i.USART1_IRQHandler)
    i.__0printf$1                            0x08003280   Section        0  printf1.o(i.__0printf$1)
    i.__ARM_common_switch8                   0x080032a0   Section        0  stm32g0xx_it.o(i.__ARM_common_switch8)
    i.__NVIC_SetPriority                     0x080032bc   Section        0  stm32g0xx_hal_cortex.o(i.__NVIC_SetPriority)
    __NVIC_SetPriority                       0x080032bd   Thumb Code    60  stm32g0xx_hal_cortex.o(i.__NVIC_SetPriority)
    i.__scatterload_copy                     0x08003300   Section       14  handlers.o(i.__scatterload_copy)
    i.__scatterload_null                     0x0800330e   Section        2  handlers.o(i.__scatterload_null)
    i.__scatterload_zeroinit                 0x08003310   Section       14  handlers.o(i.__scatterload_zeroinit)
    i._printf_core                           0x08003320   Section        0  printf1.o(i._printf_core)
    _printf_core                             0x08003321   Thumb Code   332  printf1.o(i._printf_core)
    i.fputc                                  0x08003470   Section        0  usart.o(i.fputc)
    i.key_scan_with_longpress                0x08003488   Section        0  qy.o(i.key_scan_with_longpress)
    i.main                                   0x080035bc   Section        0  main.o(i.main)
    .constdata                               0x0800366c   Section       64  qy.o(.constdata)
    case_to_buf_index                        0x0800368d   Data          11  qy.o(.constdata)
    .constdata                               0x080036ac   Section       24  stm32g0xx_hal_uart.o(.constdata)
    .constdata                               0x080036c4   Section       16  stm32g0xx_hal_uart_ex.o(.constdata)
    numerator                                0x080036c4   Data           8  stm32g0xx_hal_uart_ex.o(.constdata)
    denominator                              0x080036cc   Data           8  stm32g0xx_hal_uart_ex.o(.constdata)
    .constdata                               0x080036d4   Section       64  system_stm32g0xx.o(.constdata)
    .constdata                               0x08003714   Section       32  system_stm32g0xx.o(.constdata)
    .data                                    0x20000000   Section       43  qy.o(.data)
    keynum                                   0x20000003   Data           1  qy.o(.data)
    key_up                                   0x20000004   Data           1  qy.o(.data)
    key_up                                   0x20000005   Data           1  qy.o(.data)
    key2_long_mode                           0x20000006   Data           1  qy.o(.data)
    key2_pressing                            0x20000007   Data           1  qy.o(.data)
    key2_exit_armed                          0x20000008   Data           1  qy.o(.data)
    last_key_value                           0x20000009   Data           1  qy.o(.data)
    last_count_value                         0x2000000a   Data           1  qy.o(.data)
    last_state                               0x2000000b   Data           1  qy.o(.data)
    PWM_CountMax                             0x2000000c   Data           2  qy.o(.data)
    key2_hold_start                          0x2000001c   Data           4  qy.o(.data)
    last_tick                                0x20000020   Data           4  qy.o(.data)
    .data                                    0x2000002c   Section       11  stm32g0xx_it.o(.data)
    RxState                                  0x2000002d   Data           1  stm32g0xx_it.o(.data)
    dataIndex                                0x2000002e   Data           1  stm32g0xx_it.o(.data)
    count                                    0x2000002f   Data           1  stm32g0xx_it.o(.data)
    .data                                    0x20000038   Section       12  stm32g0xx_hal.o(.data)
    .data                                    0x20000044   Section        4  system_stm32g0xx.o(.data)
    .data                                    0x20000048   Section        4  stdout.o(.data)
    .bss                                     0x2000004c   Section       64  story.o(.bss)
    .bss                                     0x2000008c   Section       16  iwdg.o(.bss)
    .bss                                     0x2000009c   Section      228  tim.o(.bss)
    .bss                                     0x20000180   Section      296  usart.o(.bss)
    .bss                                     0x200002a8   Section       28  stm32g0xx_hal_flash.o(.bss)
    STACK                                    0x200002c8   Section     1024  startup_stm32g031xx.o(STACK)

    Global Symbols

    Symbol Name                              Value     Ov Type        Size  Object(Section)

    BuildAttributes$$THM_ISAv3M$S$PE$A:L22$X:L11$S22$IEEE1$IW$USESV6$~STKCKD$USESV7$~SHL$OSPACE$ROPI$EBA8$MICROLIB$REQ8$PRES8$EABIv2 0x00000000   Number         0  anon$$obj.o ABSOLUTE
    __ARM_use_no_argv                        0x00000000   Number         0  main.o ABSOLUTE
    _printf_a                                0x00000000   Number         0  stubs.o ABSOLUTE
    _printf_c                                0x00000000   Number         0  stubs.o ABSOLUTE
    _printf_charcount                        0x00000000   Number         0  stubs.o ABSOLUTE
    _printf_d                                0x00000000   Number         0  stubs.o ABSOLUTE
    _printf_e                                0x00000000   Number         0  stubs.o ABSOLUTE
    _printf_f                                0x00000000   Number         0  stubs.o ABSOLUTE
    _printf_flags                            0x00000000   Number         0  stubs.o ABSOLUTE
    _printf_fp_dec                           0x00000000   Number         0  stubs.o ABSOLUTE
    _printf_fp_hex                           0x00000000   Number         0  stubs.o ABSOLUTE
    _printf_g                                0x00000000   Number         0  stubs.o ABSOLUTE
    _printf_i                                0x00000000   Number         0  stubs.o ABSOLUTE
    _printf_int_dec                          0x00000000   Number         0  stubs.o ABSOLUTE
    _printf_l                                0x00000000   Number         0  stubs.o ABSOLUTE
    _printf_lc                               0x00000000   Number         0  stubs.o ABSOLUTE
    _printf_ll                               0x00000000   Number         0  stubs.o ABSOLUTE
    _printf_lld                              0x00000000   Number         0  stubs.o ABSOLUTE
    _printf_lli                              0x00000000   Number         0  stubs.o ABSOLUTE
    _printf_llo                              0x00000000   Number         0  stubs.o ABSOLUTE
    _printf_llu                              0x00000000   Number         0  stubs.o ABSOLUTE
    _printf_llx                              0x00000000   Number         0  stubs.o ABSOLUTE
    _printf_longlong_dec                     0x00000000   Number         0  stubs.o ABSOLUTE
    _printf_longlong_hex                     0x00000000   Number         0  stubs.o ABSOLUTE
    _printf_longlong_oct                     0x00000000   Number         0  stubs.o ABSOLUTE
    _printf_ls                               0x00000000   Number         0  stubs.o ABSOLUTE
    _printf_mbtowc                           0x00000000   Number         0  stubs.o ABSOLUTE
    _printf_n                                0x00000000   Number         0  stubs.o ABSOLUTE
    _printf_o                                0x00000000   Number         0  stubs.o ABSOLUTE
    _printf_p                                0x00000000   Number         0  stubs.o ABSOLUTE
    _printf_percent                          0x00000000   Number         0  stubs.o ABSOLUTE
    _printf_pre_padding                      0x00000000   Number         0  stubs.o ABSOLUTE
    _printf_return_value                     0x00000000   Number         0  stubs.o ABSOLUTE
    _printf_s                                0x00000000   Number         0  stubs.o ABSOLUTE
    _printf_sizespec                         0x00000000   Number         0  stubs.o ABSOLUTE
    _printf_str                              0x00000000   Number         0  stubs.o ABSOLUTE
    _printf_truncate_signed                  0x00000000   Number         0  stubs.o ABSOLUTE
    _printf_truncate_unsigned                0x00000000   Number         0  stubs.o ABSOLUTE
    _printf_u                                0x00000000   Number         0  stubs.o ABSOLUTE
    _printf_wc                               0x00000000   Number         0  stubs.o ABSOLUTE
    _printf_wctomb                           0x00000000   Number         0  stubs.o ABSOLUTE
    _printf_widthprec                        0x00000000   Number         0  stubs.o ABSOLUTE
    _printf_x                                0x00000000   Number         0  stubs.o ABSOLUTE
    __arm_fini_                               - Undefined Weak Reference
    __cpp_initialize__aeabi_                  - Undefined Weak Reference
    __cxa_finalize                            - Undefined Weak Reference
    __decompress                              - Undefined Weak Reference
    _clock_init                               - Undefined Weak Reference
    _microlib_exit                            - Undefined Weak Reference
    __Vectors_Size                           0x000000c0   Number         0  startup_stm32g031xx.o ABSOLUTE
    __Vectors                                0x08000000   Data           4  startup_stm32g031xx.o(RESET)
    __Vectors_End                            0x080000c0   Data           0  startup_stm32g031xx.o(RESET)
    __main                                   0x080000c1   Thumb Code     0  entry.o(.ARM.Collect$$$$00000000)
    _main_stk                                0x080000c1   Thumb Code     0  entry2.o(.ARM.Collect$$$$00000001)
    _main_scatterload                        0x080000c5   Thumb Code     0  entry5.o(.ARM.Collect$$$$00000004)
    __main_after_scatterload                 0x080000c9   Thumb Code     0  entry5.o(.ARM.Collect$$$$00000004)
    _main_clock                              0x080000c9   Thumb Code     0  entry7b.o(.ARM.Collect$$$$00000008)
    _main_cpp_init                           0x080000c9   Thumb Code     0  entry8b.o(.ARM.Collect$$$$0000000A)
    _main_init                               0x080000c9   Thumb Code     0  entry9a.o(.ARM.Collect$$$$0000000B)
    __rt_lib_shutdown_fini                   0x080000d1   Thumb Code     0  entry12b.o(.ARM.Collect$$$$0000000E)
    __rt_final_cpp                           0x080000d5   Thumb Code     0  entry10a.o(.ARM.Collect$$$$0000000F)
    __rt_final_exit                          0x080000d5   Thumb Code     0  entry11a.o(.ARM.Collect$$$$00000011)
    Reset_Handler                            0x080000d9   Thumb Code     8  startup_stm32g031xx.o(.text)
    ADC1_IRQHandler                          0x080000eb   Thumb Code     0  startup_stm32g031xx.o(.text)
    DMA1_Ch4_5_DMAMUX1_OVR_IRQHandler        0x080000eb   Thumb Code     0  startup_stm32g031xx.o(.text)
    DMA1_Channel1_IRQHandler                 0x080000eb   Thumb Code     0  startup_stm32g031xx.o(.text)
    DMA1_Channel2_3_IRQHandler               0x080000eb   Thumb Code     0  startup_stm32g031xx.o(.text)
    EXTI0_1_IRQHandler                       0x080000eb   Thumb Code     0  startup_stm32g031xx.o(.text)
    EXTI2_3_IRQHandler                       0x080000eb   Thumb Code     0  startup_stm32g031xx.o(.text)
    EXTI4_15_IRQHandler                      0x080000eb   Thumb Code     0  startup_stm32g031xx.o(.text)
    FLASH_IRQHandler                         0x080000eb   Thumb Code     0  startup_stm32g031xx.o(.text)
    I2C1_IRQHandler                          0x080000eb   Thumb Code     0  startup_stm32g031xx.o(.text)
    I2C2_IRQHandler                          0x080000eb   Thumb Code     0  startup_stm32g031xx.o(.text)
    LPTIM1_IRQHandler                        0x080000eb   Thumb Code     0  startup_stm32g031xx.o(.text)
    LPTIM2_IRQHandler                        0x080000eb   Thumb Code     0  startup_stm32g031xx.o(.text)
    LPUART1_IRQHandler                       0x080000eb   Thumb Code     0  startup_stm32g031xx.o(.text)
    PVD_IRQHandler                           0x080000eb   Thumb Code     0  startup_stm32g031xx.o(.text)
    RCC_IRQHandler                           0x080000eb   Thumb Code     0  startup_stm32g031xx.o(.text)
    RTC_TAMP_IRQHandler                      0x080000eb   Thumb Code     0  startup_stm32g031xx.o(.text)
    SPI1_IRQHandler                          0x080000eb   Thumb Code     0  startup_stm32g031xx.o(.text)
    SPI2_IRQHandler                          0x080000eb   Thumb Code     0  startup_stm32g031xx.o(.text)
    TIM17_IRQHandler                         0x080000eb   Thumb Code     0  startup_stm32g031xx.o(.text)
    TIM1_BRK_UP_TRG_COM_IRQHandler           0x080000eb   Thumb Code     0  startup_stm32g031xx.o(.text)
    TIM1_CC_IRQHandler                       0x080000eb   Thumb Code     0  startup_stm32g031xx.o(.text)
    TIM2_IRQHandler                          0x080000eb   Thumb Code     0  startup_stm32g031xx.o(.text)
    TIM3_IRQHandler                          0x080000eb   Thumb Code     0  startup_stm32g031xx.o(.text)
    USART2_IRQHandler                        0x080000eb   Thumb Code     0  startup_stm32g031xx.o(.text)
    WWDG_IRQHandler                          0x080000eb   Thumb Code     0  startup_stm32g031xx.o(.text)
    __aeabi_uidiv                            0x080000f5   Thumb Code     0  uidiv.o(.text)
    __aeabi_uidivmod                         0x080000f5   Thumb Code    44  uidiv.o(.text)
    __aeabi_uldivmod                         0x08000121   Thumb Code    96  uldiv.o(.text)
    __aeabi_memset                           0x08000181   Thumb Code    14  memseta.o(.text)
    __aeabi_memset4                          0x08000181   Thumb Code     0  memseta.o(.text)
    __aeabi_memset8                          0x08000181   Thumb Code     0  memseta.o(.text)
    __aeabi_memclr                           0x0800018f   Thumb Code     4  memseta.o(.text)
    __aeabi_memclr4                          0x0800018f   Thumb Code     0  memseta.o(.text)
    __aeabi_memclr8                          0x0800018f   Thumb Code     0  memseta.o(.text)
    _memset$wrapper                          0x08000193   Thumb Code    18  memseta.o(.text)
    __aeabi_llsl                             0x080001a5   Thumb Code    32  llshl.o(.text)
    _ll_shift_l                              0x080001a5   Thumb Code     0  llshl.o(.text)
    __aeabi_llsr                             0x080001c5   Thumb Code    34  llushr.o(.text)
    _ll_ushift_r                             0x080001c5   Thumb Code     0  llushr.o(.text)
    __scatterload                            0x080001e9   Thumb Code    28  init.o(.text)
    __scatterload_rt2                        0x080001e9   Thumb Code     0  init.o(.text)
    Error_Handler                            0x0800020d   Thumb Code     4  main.o(i.Error_Handler)
    FLASH_PageErase                          0x08000225   Thumb Code    20  stm32g0xx_hal_flash_ex.o(i.FLASH_PageErase)
    FLASH_WaitForLastOperation               0x08000295   Thumb Code    86  stm32g0xx_hal_flash.o(i.FLASH_WaitForLastOperation)
    Flash_Erase_Page                         0x080002fd   Thumb Code    54  story.o(i.Flash_Erase_Page)
    Flash_Write_DoubleWord                   0x08000333   Thumb Code    30  story.o(i.Flash_Write_DoubleWord)
    HAL_DMA_Abort                            0x08000351   Thumb Code   112  stm32g0xx_hal_dma.o(i.HAL_DMA_Abort)
    HAL_DMA_Abort_IT                         0x080003c5   Thumb Code   118  stm32g0xx_hal_dma.o(i.HAL_DMA_Abort_IT)
    HAL_Delay                                0x08000441   Thumb Code    32  stm32g0xx_hal.o(i.HAL_Delay)
    HAL_FLASHEx_Erase                        0x08000465   Thumb Code   126  stm32g0xx_hal_flash_ex.o(i.HAL_FLASHEx_Erase)
    HAL_FLASH_Lock                           0x080004ed   Thumb Code    34  stm32g0xx_hal_flash.o(i.HAL_FLASH_Lock)
    HAL_FLASH_Program                        0x08000515   Thumb Code    88  stm32g0xx_hal_flash.o(i.HAL_FLASH_Program)
    HAL_FLASH_Unlock                         0x08000575   Thumb Code    28  stm32g0xx_hal_flash.o(i.HAL_FLASH_Unlock)
    HAL_GPIO_Init                            0x0800059d   Thumb Code   330  stm32g0xx_hal_gpio.o(i.HAL_GPIO_Init)
    HAL_GPIO_ReadPin                         0x080006f9   Thumb Code    10  stm32g0xx_hal_gpio.o(i.HAL_GPIO_ReadPin)
    HAL_GPIO_WritePin                        0x08000703   Thumb Code    12  stm32g0xx_hal_gpio.o(i.HAL_GPIO_WritePin)
    HAL_GetTick                              0x08000711   Thumb Code     6  stm32g0xx_hal.o(i.HAL_GetTick)
    HAL_IWDG_Init                            0x0800071d   Thumb Code    94  stm32g0xx_hal_iwdg.o(i.HAL_IWDG_Init)
    HAL_IWDG_Refresh                         0x08000789   Thumb Code    10  stm32g0xx_hal_iwdg.o(i.HAL_IWDG_Refresh)
    HAL_IncTick                              0x08000799   Thumb Code    12  stm32g0xx_hal.o(i.HAL_IncTick)
    HAL_Init                                 0x080007a9   Thumb Code    36  stm32g0xx_hal.o(i.HAL_Init)
    HAL_InitTick                             0x080007d1   Thumb Code    64  stm32g0xx_hal.o(i.HAL_InitTick)
    HAL_MspInit                              0x08000819   Thumb Code    38  stm32g0xx_hal_msp.o(i.HAL_MspInit)
    HAL_NVIC_EnableIRQ                       0x08000845   Thumb Code    18  stm32g0xx_hal_cortex.o(i.HAL_NVIC_EnableIRQ)
    HAL_NVIC_SetPriority                     0x0800085d   Thumb Code     8  stm32g0xx_hal_cortex.o(i.HAL_NVIC_SetPriority)
    HAL_PWREx_ControlVoltageScaling          0x08000865   Thumb Code    62  stm32g0xx_hal_pwr_ex.o(i.HAL_PWREx_ControlVoltageScaling)
    HAL_RCCEx_PeriphCLKConfig                0x080008b1   Thumb Code   420  stm32g0xx_hal_rcc_ex.o(i.HAL_RCCEx_PeriphCLKConfig)
    HAL_RCC_ClockConfig                      0x08000a61   Thumb Code   318  stm32g0xx_hal_rcc.o(i.HAL_RCC_ClockConfig)
    HAL_RCC_GetPCLK1Freq                     0x08000bb9   Thumb Code    26  stm32g0xx_hal_rcc.o(i.HAL_RCC_GetPCLK1Freq)
    HAL_RCC_GetSysClockFreq                  0x08000be1   Thumb Code   130  stm32g0xx_hal_rcc.o(i.HAL_RCC_GetSysClockFreq)
    HAL_RCC_OscConfig                        0x08000c6d   Thumb Code   962  stm32g0xx_hal_rcc.o(i.HAL_RCC_OscConfig)
    HAL_SYSTICK_Config                       0x08001055   Thumb Code    38  stm32g0xx_hal_cortex.o(i.HAL_SYSTICK_Config)
    HAL_TIMEx_Break2Callback                 0x08001085   Thumb Code     2  stm32g0xx_hal_tim_ex.o(i.HAL_TIMEx_Break2Callback)
    HAL_TIMEx_BreakCallback                  0x08001087   Thumb Code     2  stm32g0xx_hal_tim_ex.o(i.HAL_TIMEx_BreakCallback)
    HAL_TIMEx_CommutCallback                 0x08001089   Thumb Code     2  stm32g0xx_hal_tim_ex.o(i.HAL_TIMEx_CommutCallback)
    HAL_TIMEx_MasterConfigSynchronization    0x0800108d   Thumb Code    98  stm32g0xx_hal_tim_ex.o(i.HAL_TIMEx_MasterConfigSynchronization)
    HAL_TIM_Base_Init                        0x080010f9   Thumb Code    76  stm32g0xx_hal_tim.o(i.HAL_TIM_Base_Init)
    HAL_TIM_Base_MspInit                     0x08001145   Thumb Code   108  tim.o(i.HAL_TIM_Base_MspInit)
    HAL_TIM_Base_Start_IT                    0x080011bd   Thumb Code    74  stm32g0xx_hal_tim.o(i.HAL_TIM_Base_Start_IT)
    HAL_TIM_ConfigClockSource                0x08001215   Thumb Code   220  stm32g0xx_hal_tim.o(i.HAL_TIM_ConfigClockSource)
    HAL_TIM_IC_CaptureCallback               0x080012f5   Thumb Code     2  stm32g0xx_hal_tim.o(i.HAL_TIM_IC_CaptureCallback)
    HAL_TIM_IRQHandler                       0x080012f9   Thumb Code   318  stm32g0xx_hal_tim.o(i.HAL_TIM_IRQHandler)
    HAL_TIM_MspPostInit                      0x08001441   Thumb Code    68  tim.o(i.HAL_TIM_MspPostInit)
    HAL_TIM_OC_DelayElapsedCallback          0x08001489   Thumb Code     2  stm32g0xx_hal_tim.o(i.HAL_TIM_OC_DelayElapsedCallback)
    HAL_TIM_PWM_ConfigChannel                0x0800148b   Thumb Code   296  stm32g0xx_hal_tim.o(i.HAL_TIM_PWM_ConfigChannel)
    HAL_TIM_PWM_Init                         0x080015b3   Thumb Code    76  stm32g0xx_hal_tim.o(i.HAL_TIM_PWM_Init)
    HAL_TIM_PWM_MspInit                      0x080015ff   Thumb Code     2  stm32g0xx_hal_tim.o(i.HAL_TIM_PWM_MspInit)
    HAL_TIM_PWM_PulseFinishedCallback        0x08001601   Thumb Code     2  stm32g0xx_hal_tim.o(i.HAL_TIM_PWM_PulseFinishedCallback)
    HAL_TIM_PWM_Start                        0x08001605   Thumb Code   178  stm32g0xx_hal_tim.o(i.HAL_TIM_PWM_Start)
    HAL_TIM_PeriodElapsedCallback            0x080016cd   Thumb Code    36  stm32g0xx_it.o(i.HAL_TIM_PeriodElapsedCallback)
    HAL_TIM_TriggerCallback                  0x080016fd   Thumb Code     2  stm32g0xx_hal_tim.o(i.HAL_TIM_TriggerCallback)
    HAL_UARTEx_DisableFifoMode               0x080016ff   Thumb Code    60  stm32g0xx_hal_uart_ex.o(i.HAL_UARTEx_DisableFifoMode)
    HAL_UARTEx_RxEventCallback               0x0800173b   Thumb Code     2  stm32g0xx_hal_uart.o(i.HAL_UARTEx_RxEventCallback)
    HAL_UARTEx_RxFifoFullCallback            0x0800173d   Thumb Code     2  stm32g0xx_hal_uart_ex.o(i.HAL_UARTEx_RxFifoFullCallback)
    HAL_UARTEx_SetRxFifoThreshold            0x0800173f   Thumb Code    72  stm32g0xx_hal_uart_ex.o(i.HAL_UARTEx_SetRxFifoThreshold)
    HAL_UARTEx_SetTxFifoThreshold            0x08001787   Thumb Code    70  stm32g0xx_hal_uart_ex.o(i.HAL_UARTEx_SetTxFifoThreshold)
    HAL_UARTEx_TxFifoEmptyCallback           0x080017cd   Thumb Code     2  stm32g0xx_hal_uart_ex.o(i.HAL_UARTEx_TxFifoEmptyCallback)
    HAL_UARTEx_WakeupCallback                0x080017cf   Thumb Code     2  stm32g0xx_hal_uart_ex.o(i.HAL_UARTEx_WakeupCallback)
    HAL_UART_ErrorCallback                   0x080017d1   Thumb Code     2  stm32g0xx_hal_uart.o(i.HAL_UART_ErrorCallback)
    HAL_UART_IRQHandler                      0x080017d5   Thumb Code   734  stm32g0xx_hal_uart.o(i.HAL_UART_IRQHandler)
    HAL_UART_Init                            0x08001ac5   Thumb Code   108  stm32g0xx_hal_uart.o(i.HAL_UART_Init)
    HAL_UART_MspInit                         0x08001b31   Thumb Code   188  usart.o(i.HAL_UART_MspInit)
    HAL_UART_Receive_IT                      0x08001bfd   Thumb Code    94  stm32g0xx_hal_uart.o(i.HAL_UART_Receive_IT)
    HAL_UART_RxCpltCallback                  0x08001c61   Thumb Code   108  stm32g0xx_it.o(i.HAL_UART_RxCpltCallback)
    HAL_UART_Transmit                        0x08001cd9   Thumb Code   206  stm32g0xx_hal_uart.o(i.HAL_UART_Transmit)
    HAL_UART_TxCpltCallback                  0x08001da7   Thumb Code     2  stm32g0xx_hal_uart.o(i.HAL_UART_TxCpltCallback)
    Handle_KeyEvent                          0x08001da9   Thumb Code   120  qy.o(i.Handle_KeyEvent)
    HardFault_Handler                        0x08001e25   Thumb Code     2  stm32g0xx_it.o(i.HardFault_Handler)
    MX_GPIO_Init                             0x08001e29   Thumb Code   140  gpio.o(i.MX_GPIO_Init)
    MX_IWDG_Init                             0x08001ebd   Thumb Code    38  iwdg.o(i.MX_IWDG_Init)
    MX_TIM14_Init                            0x08001eed   Thumb Code    38  tim.o(i.MX_TIM14_Init)
    MX_TIM16_Init                            0x08001f25   Thumb Code    42  tim.o(i.MX_TIM16_Init)
    MX_TIM2_Init                             0x08001f61   Thumb Code   158  tim.o(i.MX_TIM2_Init)
    MX_USART1_UART_Init                      0x08002009   Thumb Code    96  usart.o(i.MX_USART1_UART_Init)
    MX_USART2_UART_Init                      0x08002071   Thumb Code    50  usart.o(i.MX_USART2_UART_Init)
    NMI_Handler                              0x080020ad   Thumb Code     2  stm32g0xx_it.o(i.NMI_Handler)
    PendSV_Handler                           0x080020af   Thumb Code     2  stm32g0xx_it.o(i.PendSV_Handler)
    QY_ScanAndSendCmd                        0x080020b1   Thumb Code   278  qy.o(i.QY_ScanAndSendCmd)
    QY_TxTecodemo                            0x080021d1   Thumb Code    28  qy.o(i.QY_TxTecodemo)
    RS485_SendByCase                         0x080021f1   Thumb Code    68  qy.o(i.RS485_SendByCase)
    RS485_Slave_Process                      0x0800223d   Thumb Code    24  qy.o(i.RS485_Slave_Process)
    SVC_Handler                              0x08002261   Thumb Code     2  stm32g0xx_it.o(i.SVC_Handler)
    SendBufferToUARTs                        0x08002263   Thumb Code    36  qy.o(i.SendBufferToUARTs)
    Store_Init                               0x08002289   Thumb Code    72  story.o(i.Store_Init)
    SysTick_Handler                          0x080022dd   Thumb Code     8  stm32g0xx_it.o(i.SysTick_Handler)
    SystemClock_Config                       0x080022e5   Thumb Code   118  main.o(i.SystemClock_Config)
    SystemInit                               0x0800235b   Thumb Code     2  system_stm32g0xx.o(i.SystemInit)
    TIM14_IRQHandler                         0x0800235d   Thumb Code    10  stm32g0xx_it.o(i.TIM14_IRQHandler)
    TIM16_IRQHandler                         0x0800236d   Thumb Code    10  stm32g0xx_it.o(i.TIM16_IRQHandler)
    TIM_Base_SetConfig                       0x0800237d   Thumb Code   126  stm32g0xx_hal_tim.o(i.TIM_Base_SetConfig)
    TIM_CCxChannelCmd                        0x08002411   Thumb Code    26  stm32g0xx_hal_tim.o(i.TIM_CCxChannelCmd)
    TIM_ETR_SetConfig                        0x0800242b   Thumb Code    22  stm32g0xx_hal_tim.o(i.TIM_ETR_SetConfig)
    TIM_OC2_SetConfig                        0x080024d1   Thumb Code   106  stm32g0xx_hal_tim.o(i.TIM_OC2_SetConfig)
    UART_AdvFeatureConfig                    0x0800277d   Thumb Code   202  stm32g0xx_hal_uart.o(i.UART_AdvFeatureConfig)
    UART_CheckIdleState                      0x08002849   Thumb Code   180  stm32g0xx_hal_uart.o(i.UART_CheckIdleState)
    UART_SetConfig                           0x08002ea9   Thumb Code   482  stm32g0xx_hal_uart.o(i.UART_SetConfig)
    UART_Start_Receive_IT                    0x080030b5   Thumb Code   280  stm32g0xx_hal_uart.o(i.UART_Start_Receive_IT)
    UART_WaitOnFlagUntilTimeout              0x080031e1   Thumb Code   144  stm32g0xx_hal_uart.o(i.UART_WaitOnFlagUntilTimeout)
    USART1_IRQHandler                        0x08003271   Thumb Code    10  stm32g0xx_it.o(i.USART1_IRQHandler)
    __0printf$1                              0x08003281   Thumb Code    24  printf1.o(i.__0printf$1)
    __1printf$1                              0x08003281   Thumb Code     0  printf1.o(i.__0printf$1)
    __2printf                                0x08003281   Thumb Code     0  printf1.o(i.__0printf$1)
    __ARM_common_switch8                     0x080032a1   Thumb Code    26  stm32g0xx_it.o(i.__ARM_common_switch8)
    __scatterload_copy                       0x08003301   Thumb Code    14  handlers.o(i.__scatterload_copy)
    __scatterload_null                       0x0800330f   Thumb Code     2  handlers.o(i.__scatterload_null)
    __scatterload_zeroinit                   0x08003311   Thumb Code    14  handlers.o(i.__scatterload_zeroinit)
    fputc                                    0x08003471   Thumb Code    20  usart.o(i.fputc)
    key_scan_with_longpress                  0x08003489   Thumb Code   294  qy.o(i.key_scan_with_longpress)
    main                                     0x080035bd   Thumb Code   138  main.o(i.main)
    buffers                                  0x0800366c   Data          33  qy.o(.constdata)
    UARTPrescTable                           0x080036ac   Data          24  stm32g0xx_hal_uart.o(.constdata)
    AHBPrescTable                            0x080036d4   Data          64  system_stm32g0xx.o(.constdata)
    APBPrescTable                            0x08003714   Data          32  system_stm32g0xx.o(.constdata)
    Region$$Table$$Base                      0x08003734   Number         0  anon$$obj.o(Region$$Table)
    Region$$Table$$Limit                     0x08003754   Number         0  anon$$obj.o(Region$$Table)
    CMD_QUERY_KEY                            0x20000000   Data           1  qy.o(.data)
    mode_flag                                0x20000001   Data           1  qy.o(.data)
    middle_value                             0x20000002   Data           1  qy.o(.data)
    key00                                    0x2000000e   Data           3  qy.o(.data)
    key11                                    0x20000011   Data           3  qy.o(.data)
    key22                                    0x20000014   Data           3  qy.o(.data)
    key33                                    0x20000017   Data           3  qy.o(.data)
    KEY                                      0x20000024   Data           7  qy.o(.data)
    Rx_Data                                  0x2000002c   Data           1  stm32g0xx_it.o(.data)
    Serial_RxFlag                            0x20000030   Data           2  stm32g0xx_it.o(.data)
    Serial_RxPacket                          0x20000032   Data           5  stm32g0xx_it.o(.data)
    uwTickFreq                               0x20000038   Data           1  stm32g0xx_hal.o(.data)
    uwTickPrio                               0x2000003c   Data           4  stm32g0xx_hal.o(.data)
    uwTick                                   0x20000040   Data           4  stm32g0xx_hal.o(.data)
    SystemCoreClock                          0x20000044   Data           4  system_stm32g0xx.o(.data)
    __stdout                                 0x20000048   Data           4  stdout.o(.data)
    Store_Data                               0x2000004c   Data          64  story.o(.bss)
    hiwdg                                    0x2000008c   Data          16  iwdg.o(.bss)
    htim2                                    0x2000009c   Data          76  tim.o(.bss)
    htim14                                   0x200000e8   Data          76  tim.o(.bss)
    htim16                                   0x20000134   Data          76  tim.o(.bss)
    huart1                                   0x20000180   Data         148  usart.o(.bss)
    huart2                                   0x20000214   Data         148  usart.o(.bss)
    pFlash                                   0x200002a8   Data          28  stm32g0xx_hal_flash.o(.bss)
    __initial_sp                             0x200006c8   Data           0  startup_stm32g031xx.o(STACK)



==============================================================================

Memory Map of the image

  Image Entry point : 0x080000c1

  Load Region LR_IROM1 (Base: 0x08000000, Size: 0x000037a0, Max: 0x00010000, ABSOLUTE)

    Execution Region ER_IROM1 (Exec base: 0x08000000, Load base: 0x08000000, Size: 0x00003754, Max: 0x00010000, ABSOLUTE)

    Exec Addr    Load Addr    Size         Type   Attr      Idx    E Section Name        Object

    0x08000000   0x08000000   0x000000c0   Data   RO            3    RESET               startup_stm32g031xx.o
    0x080000c0   0x080000c0   0x00000000   Code   RO         3642  * .ARM.Collect$$$$00000000  mc_p.l(entry.o)
    0x080000c0   0x080000c0   0x00000004   Code   RO         3916    .ARM.Collect$$$$00000001  mc_p.l(entry2.o)
    0x080000c4   0x080000c4   0x00000004   Code   RO         3919    .ARM.Collect$$$$00000004  mc_p.l(entry5.o)
    0x080000c8   0x080000c8   0x00000000   Code   RO         3921    .ARM.Collect$$$$00000008  mc_p.l(entry7b.o)
    0x080000c8   0x080000c8   0x00000000   Code   RO         3923    .ARM.Collect$$$$0000000A  mc_p.l(entry8b.o)
    0x080000c8   0x080000c8   0x00000008   Code   RO         3924    .ARM.Collect$$$$0000000B  mc_p.l(entry9a.o)
    0x080000d0   0x080000d0   0x00000004   Code   RO         3931    .ARM.Collect$$$$0000000E  mc_p.l(entry12b.o)
    0x080000d4   0x080000d4   0x00000000   Code   RO         3926    .ARM.Collect$$$$0000000F  mc_p.l(entry10a.o)
    0x080000d4   0x080000d4   0x00000000   Code   RO         3928    .ARM.Collect$$$$00000011  mc_p.l(entry11a.o)
    0x080000d4   0x080000d4   0x00000004   Code   RO         3917    .ARM.Collect$$$$00002712  mc_p.l(entry2.o)
    0x080000d8   0x080000d8   0x0000001c   Code   RO            4    .text               startup_stm32g031xx.o
    0x080000f4   0x080000f4   0x0000002c   Code   RO         3645    .text               mc_p.l(uidiv.o)
    0x08000120   0x08000120   0x00000060   Code   RO         3647    .text               mc_p.l(uldiv.o)
    0x08000180   0x08000180   0x00000024   Code   RO         3651    .text               mc_p.l(memseta.o)
    0x080001a4   0x080001a4   0x00000020   Code   RO         3933    .text               mc_p.l(llshl.o)
    0x080001c4   0x080001c4   0x00000022   Code   RO         3935    .text               mc_p.l(llushr.o)
    0x080001e6   0x080001e6   0x00000002   PAD
    0x080001e8   0x080001e8   0x00000024   Code   RO         3948    .text               mc_p.l(init.o)
    0x0800020c   0x0800020c   0x00000004   Code   RO          376    i.Error_Handler     main.o
    0x08000210   0x08000210   0x00000014   Code   RO         1079    i.FLASH_MassErase   stm32g0xx_hal_flash_ex.o
    0x08000224   0x08000224   0x00000020   Code   RO         1083    i.FLASH_PageErase   stm32g0xx_hal_flash_ex.o
    0x08000244   0x08000244   0x0000001c   Code   RO          973    i.FLASH_Program_DoubleWord  stm32g0xx_hal_flash.o
    0x08000260   0x08000260   0x00000034   Code   RO          974    i.FLASH_Program_Fast  stm32g0xx_hal_flash.o
    0x08000294   0x08000294   0x00000068   Code   RO          975    i.FLASH_WaitForLastOperation  stm32g0xx_hal_flash.o
    0x080002fc   0x080002fc   0x00000036   Code   RO          221    i.Flash_Erase_Page  story.o
    0x08000332   0x08000332   0x0000001e   Code   RO          223    i.Flash_Write_DoubleWord  story.o
    0x08000350   0x08000350   0x00000074   Code   RO         1249    i.HAL_DMA_Abort     stm32g0xx_hal_dma.o
    0x080003c4   0x080003c4   0x0000007c   Code   RO         1250    i.HAL_DMA_Abort_IT  stm32g0xx_hal_dma.o
    0x08000440   0x08000440   0x00000024   Code   RO         1782    i.HAL_Delay         stm32g0xx_hal.o
    0x08000464   0x08000464   0x00000088   Code   RO         1087    i.HAL_FLASHEx_Erase  stm32g0xx_hal_flash_ex.o
    0x080004ec   0x080004ec   0x00000028   Code   RO          979    i.HAL_FLASH_Lock    stm32g0xx_hal_flash.o
    0x08000514   0x08000514   0x00000060   Code   RO          984    i.HAL_FLASH_Program  stm32g0xx_hal_flash.o
    0x08000574   0x08000574   0x00000028   Code   RO          986    i.HAL_FLASH_Unlock  stm32g0xx_hal_flash.o
    0x0800059c   0x0800059c   0x0000015c   Code   RO         1182    i.HAL_GPIO_Init     stm32g0xx_hal_gpio.o
    0x080006f8   0x080006f8   0x0000000a   Code   RO         1184    i.HAL_GPIO_ReadPin  stm32g0xx_hal_gpio.o
    0x08000702   0x08000702   0x0000000c   Code   RO         1186    i.HAL_GPIO_WritePin  stm32g0xx_hal_gpio.o
    0x0800070e   0x0800070e   0x00000002   PAD
    0x08000710   0x08000710   0x0000000c   Code   RO         1786    i.HAL_GetTick       stm32g0xx_hal.o
    0x0800071c   0x0800071c   0x0000006c   Code   RO          787    i.HAL_IWDG_Init     stm32g0xx_hal_iwdg.o
    0x08000788   0x08000788   0x00000010   Code   RO          788    i.HAL_IWDG_Refresh  stm32g0xx_hal_iwdg.o
    0x08000798   0x08000798   0x00000010   Code   RO         1792    i.HAL_IncTick       stm32g0xx_hal.o
    0x080007a8   0x080007a8   0x00000028   Code   RO         1793    i.HAL_Init          stm32g0xx_hal.o
    0x080007d0   0x080007d0   0x00000048   Code   RO         1794    i.HAL_InitTick      stm32g0xx_hal.o
    0x08000818   0x08000818   0x0000002c   Code   RO          767    i.HAL_MspInit       stm32g0xx_hal_msp.o
    0x08000844   0x08000844   0x00000018   Code   RO         1660    i.HAL_NVIC_EnableIRQ  stm32g0xx_hal_cortex.o
    0x0800085c   0x0800085c   0x00000008   Code   RO         1664    i.HAL_NVIC_SetPriority  stm32g0xx_hal_cortex.o
    0x08000864   0x08000864   0x0000004c   Code   RO         1478    i.HAL_PWREx_ControlVoltageScaling  stm32g0xx_hal_pwr_ex.o
    0x080008b0   0x080008b0   0x000001b0   Code   RO          930    i.HAL_RCCEx_PeriphCLKConfig  stm32g0xx_hal_rcc_ex.o
    0x08000a60   0x08000a60   0x00000158   Code   RO          814    i.HAL_RCC_ClockConfig  stm32g0xx_hal_rcc.o
    0x08000bb8   0x08000bb8   0x00000028   Code   RO          822    i.HAL_RCC_GetPCLK1Freq  stm32g0xx_hal_rcc.o
    0x08000be0   0x08000be0   0x0000008c   Code   RO          824    i.HAL_RCC_GetSysClockFreq  stm32g0xx_hal_rcc.o
    0x08000c6c   0x08000c6c   0x000003e8   Code   RO          828    i.HAL_RCC_OscConfig  stm32g0xx_hal_rcc.o
    0x08001054   0x08001054   0x00000030   Code   RO         1668    i.HAL_SYSTICK_Config  stm32g0xx_hal_cortex.o
    0x08001084   0x08001084   0x00000002   Code   RO         2781    i.HAL_TIMEx_Break2Callback  stm32g0xx_hal_tim_ex.o
    0x08001086   0x08001086   0x00000002   Code   RO         2782    i.HAL_TIMEx_BreakCallback  stm32g0xx_hal_tim_ex.o
    0x08001088   0x08001088   0x00000002   Code   RO         2783    i.HAL_TIMEx_CommutCallback  stm32g0xx_hal_tim_ex.o
    0x0800108a   0x0800108a   0x00000002   PAD
    0x0800108c   0x0800108c   0x0000006c   Code   RO         2804    i.HAL_TIMEx_MasterConfigSynchronization  stm32g0xx_hal_tim_ex.o
    0x080010f8   0x080010f8   0x0000004c   Code   RO         2071    i.HAL_TIM_Base_Init  stm32g0xx_hal_tim.o
    0x08001144   0x08001144   0x00000078   Code   RO          476    i.HAL_TIM_Base_MspInit  tim.o
    0x080011bc   0x080011bc   0x00000058   Code   RO         2076    i.HAL_TIM_Base_Start_IT  stm32g0xx_hal_tim.o
    0x08001214   0x08001214   0x000000e0   Code   RO         2080    i.HAL_TIM_ConfigClockSource  stm32g0xx_hal_tim.o
    0x080012f4   0x080012f4   0x00000002   Code   RO         2105    i.HAL_TIM_IC_CaptureCallback  stm32g0xx_hal_tim.o
    0x080012f6   0x080012f6   0x00000002   PAD
    0x080012f8   0x080012f8   0x00000148   Code   RO         2119    i.HAL_TIM_IRQHandler  stm32g0xx_hal_tim.o
    0x08001440   0x08001440   0x00000048   Code   RO          477    i.HAL_TIM_MspPostInit  tim.o
    0x08001488   0x08001488   0x00000002   Code   RO         2122    i.HAL_TIM_OC_DelayElapsedCallback  stm32g0xx_hal_tim.o
    0x0800148a   0x0800148a   0x00000128   Code   RO         2143    i.HAL_TIM_PWM_ConfigChannel  stm32g0xx_hal_tim.o
    0x080015b2   0x080015b2   0x0000004c   Code   RO         2146    i.HAL_TIM_PWM_Init  stm32g0xx_hal_tim.o
    0x080015fe   0x080015fe   0x00000002   Code   RO         2148    i.HAL_TIM_PWM_MspInit  stm32g0xx_hal_tim.o
    0x08001600   0x08001600   0x00000002   Code   RO         2149    i.HAL_TIM_PWM_PulseFinishedCallback  stm32g0xx_hal_tim.o
    0x08001602   0x08001602   0x00000002   PAD
    0x08001604   0x08001604   0x000000c8   Code   RO         2151    i.HAL_TIM_PWM_Start  stm32g0xx_hal_tim.o
    0x080016cc   0x080016cc   0x00000030   Code   RO          684    i.HAL_TIM_PeriodElapsedCallback  stm32g0xx_it.o
    0x080016fc   0x080016fc   0x00000002   Code   RO         2162    i.HAL_TIM_TriggerCallback  stm32g0xx_hal_tim.o
    0x080016fe   0x080016fe   0x0000003c   Code   RO         3496    i.HAL_UARTEx_DisableFifoMode  stm32g0xx_hal_uart_ex.o
    0x0800173a   0x0800173a   0x00000002   Code   RO         3089    i.HAL_UARTEx_RxEventCallback  stm32g0xx_hal_uart.o
    0x0800173c   0x0800173c   0x00000002   Code   RO         3504    i.HAL_UARTEx_RxFifoFullCallback  stm32g0xx_hal_uart_ex.o
    0x0800173e   0x0800173e   0x00000048   Code   RO         3505    i.HAL_UARTEx_SetRxFifoThreshold  stm32g0xx_hal_uart_ex.o
    0x08001786   0x08001786   0x00000046   Code   RO         3506    i.HAL_UARTEx_SetTxFifoThreshold  stm32g0xx_hal_uart_ex.o
    0x080017cc   0x080017cc   0x00000002   Code   RO         3508    i.HAL_UARTEx_TxFifoEmptyCallback  stm32g0xx_hal_uart_ex.o
    0x080017ce   0x080017ce   0x00000002   Code   RO         3509    i.HAL_UARTEx_WakeupCallback  stm32g0xx_hal_uart_ex.o
    0x080017d0   0x080017d0   0x00000002   Code   RO         3105    i.HAL_UART_ErrorCallback  stm32g0xx_hal_uart.o
    0x080017d2   0x080017d2   0x00000002   PAD
    0x080017d4   0x080017d4   0x000002f0   Code   RO         3108    i.HAL_UART_IRQHandler  stm32g0xx_hal_uart.o
    0x08001ac4   0x08001ac4   0x0000006c   Code   RO         3109    i.HAL_UART_Init     stm32g0xx_hal_uart.o
    0x08001b30   0x08001b30   0x000000cc   Code   RO          532    i.HAL_UART_MspInit  usart.o
    0x08001bfc   0x08001bfc   0x00000064   Code   RO         3114    i.HAL_UART_Receive_IT  stm32g0xx_hal_uart.o
    0x08001c60   0x08001c60   0x00000078   Code   RO          685    i.HAL_UART_RxCpltCallback  stm32g0xx_it.o
    0x08001cd8   0x08001cd8   0x000000ce   Code   RO         3118    i.HAL_UART_Transmit  stm32g0xx_hal_uart.o
    0x08001da6   0x08001da6   0x00000002   Code   RO         3121    i.HAL_UART_TxCpltCallback  stm32g0xx_hal_uart.o
    0x08001da8   0x08001da8   0x0000007c   Code   RO           13    i.Handle_KeyEvent   qy.o
    0x08001e24   0x08001e24   0x00000002   Code   RO          686    i.HardFault_Handler  stm32g0xx_it.o
    0x08001e26   0x08001e26   0x00000002   PAD
    0x08001e28   0x08001e28   0x00000094   Code   RO          423    i.MX_GPIO_Init      gpio.o
    0x08001ebc   0x08001ebc   0x00000030   Code   RO          449    i.MX_IWDG_Init      iwdg.o
    0x08001eec   0x08001eec   0x00000038   Code   RO          478    i.MX_TIM14_Init     tim.o
    0x08001f24   0x08001f24   0x0000003c   Code   RO          479    i.MX_TIM16_Init     tim.o
    0x08001f60   0x08001f60   0x000000a8   Code   RO          480    i.MX_TIM2_Init      tim.o
    0x08002008   0x08002008   0x00000068   Code   RO          533    i.MX_USART1_UART_Init  usart.o
    0x08002070   0x08002070   0x0000003c   Code   RO          534    i.MX_USART2_UART_Init  usart.o
    0x080020ac   0x080020ac   0x00000002   Code   RO          687    i.NMI_Handler       stm32g0xx_it.o
    0x080020ae   0x080020ae   0x00000002   Code   RO          688    i.PendSV_Handler    stm32g0xx_it.o
    0x080020b0   0x080020b0   0x00000120   Code   RO           14    i.QY_ScanAndSendCmd  qy.o
    0x080021d0   0x080021d0   0x00000020   Code   RO           15    i.QY_TxTecodemo     qy.o
    0x080021f0   0x080021f0   0x0000004c   Code   RO           16    i.RS485_SendByCase  qy.o
    0x0800223c   0x0800223c   0x00000024   Code   RO           17    i.RS485_Slave_Process  qy.o
    0x08002260   0x08002260   0x00000002   Code   RO          689    i.SVC_Handler       stm32g0xx_it.o
    0x08002262   0x08002262   0x00000024   Code   RO           18    i.SendBufferToUARTs  qy.o
    0x08002286   0x08002286   0x00000002   PAD
    0x08002288   0x08002288   0x00000054   Code   RO          224    i.Store_Init        story.o
    0x080022dc   0x080022dc   0x00000008   Code   RO          690    i.SysTick_Handler   stm32g0xx_it.o
    0x080022e4   0x080022e4   0x00000076   Code   RO          377    i.SystemClock_Config  main.o
    0x0800235a   0x0800235a   0x00000002   Code   RO         3611    i.SystemInit        system_stm32g0xx.o
    0x0800235c   0x0800235c   0x00000010   Code   RO          691    i.TIM14_IRQHandler  stm32g0xx_it.o
    0x0800236c   0x0800236c   0x00000010   Code   RO          692    i.TIM16_IRQHandler  stm32g0xx_it.o
    0x0800237c   0x0800237c   0x00000094   Code   RO         2164    i.TIM_Base_SetConfig  stm32g0xx_hal_tim.o
    0x08002410   0x08002410   0x0000001a   Code   RO         2165    i.TIM_CCxChannelCmd  stm32g0xx_hal_tim.o
    0x0800242a   0x0800242a   0x00000016   Code   RO         2175    i.TIM_ETR_SetConfig  stm32g0xx_hal_tim.o
    0x08002440   0x08002440   0x00000014   Code   RO         2176    i.TIM_ITRx_SetConfig  stm32g0xx_hal_tim.o
    0x08002454   0x08002454   0x0000007c   Code   RO         2177    i.TIM_OC1_SetConfig  stm32g0xx_hal_tim.o
    0x080024d0   0x080024d0   0x0000007c   Code   RO         2178    i.TIM_OC2_SetConfig  stm32g0xx_hal_tim.o
    0x0800254c   0x0800254c   0x0000007c   Code   RO         2179    i.TIM_OC3_SetConfig  stm32g0xx_hal_tim.o
    0x080025c8   0x080025c8   0x00000068   Code   RO         2180    i.TIM_OC4_SetConfig  stm32g0xx_hal_tim.o
    0x08002630   0x08002630   0x0000005c   Code   RO         2181    i.TIM_OC5_SetConfig  stm32g0xx_hal_tim.o
    0x0800268c   0x0800268c   0x00000064   Code   RO         2182    i.TIM_OC6_SetConfig  stm32g0xx_hal_tim.o
    0x080026f0   0x080026f0   0x00000022   Code   RO         2184    i.TIM_TI1_ConfigInputStage  stm32g0xx_hal_tim.o
    0x08002712   0x08002712   0x00000026   Code   RO         2186    i.TIM_TI2_ConfigInputStage  stm32g0xx_hal_tim.o
    0x08002738   0x08002738   0x00000044   Code   RO         3510    i.UARTEx_SetNbDataToProcess  stm32g0xx_hal_uart_ex.o
    0x0800277c   0x0800277c   0x000000ca   Code   RO         3123    i.UART_AdvFeatureConfig  stm32g0xx_hal_uart.o
    0x08002846   0x08002846   0x00000002   PAD
    0x08002848   0x08002848   0x000000b8   Code   RO         3124    i.UART_CheckIdleState  stm32g0xx_hal_uart.o
    0x08002900   0x08002900   0x00000014   Code   RO         3125    i.UART_DMAAbortOnError  stm32g0xx_hal_uart.o
    0x08002914   0x08002914   0x00000064   Code   RO         3135    i.UART_EndRxTransfer  stm32g0xx_hal_uart.o
    0x08002978   0x08002978   0x000000d8   Code   RO         3137    i.UART_RxISR_16BIT  stm32g0xx_hal_uart.o
    0x08002a50   0x08002a50   0x000001c0   Code   RO         3138    i.UART_RxISR_16BIT_FIFOEN  stm32g0xx_hal_uart.o
    0x08002c10   0x08002c10   0x000000d8   Code   RO         3139    i.UART_RxISR_8BIT   stm32g0xx_hal_uart.o
    0x08002ce8   0x08002ce8   0x000001c0   Code   RO         3140    i.UART_RxISR_8BIT_FIFOEN  stm32g0xx_hal_uart.o
    0x08002ea8   0x08002ea8   0x0000020c   Code   RO         3141    i.UART_SetConfig    stm32g0xx_hal_uart.o
    0x080030b4   0x080030b4   0x0000012c   Code   RO         3143    i.UART_Start_Receive_IT  stm32g0xx_hal_uart.o
    0x080031e0   0x080031e0   0x00000090   Code   RO         3148    i.UART_WaitOnFlagUntilTimeout  stm32g0xx_hal_uart.o
    0x08003270   0x08003270   0x00000010   Code   RO          693    i.USART1_IRQHandler  stm32g0xx_it.o
    0x08003280   0x08003280   0x00000020   Code   RO         3700    i.__0printf$1       mc_p.l(printf1.o)
    0x080032a0   0x080032a0   0x0000001a   Code   RO          756    i.__ARM_common_switch8  stm32g0xx_it.o
    0x080032ba   0x080032ba   0x00000002   PAD
    0x080032bc   0x080032bc   0x00000044   Code   RO         1670    i.__NVIC_SetPriority  stm32g0xx_hal_cortex.o
    0x08003300   0x08003300   0x0000000e   Code   RO         3958    i.__scatterload_copy  mc_p.l(handlers.o)
    0x0800330e   0x0800330e   0x00000002   Code   RO         3959    i.__scatterload_null  mc_p.l(handlers.o)
    0x08003310   0x08003310   0x0000000e   Code   RO         3960    i.__scatterload_zeroinit  mc_p.l(handlers.o)
    0x0800331e   0x0800331e   0x00000002   PAD
    0x08003320   0x08003320   0x00000150   Code   RO         3707    i._printf_core      mc_p.l(printf1.o)
    0x08003470   0x08003470   0x00000018   Code   RO          535    i.fputc             usart.o
    0x08003488   0x08003488   0x00000134   Code   RO           21    i.key_scan_with_longpress  qy.o
    0x080035bc   0x080035bc   0x000000b0   Code   RO          378    i.main              main.o
    0x0800366c   0x0800366c   0x00000040   Data   RO           23    .constdata          qy.o
    0x080036ac   0x080036ac   0x00000018   Data   RO         3149    .constdata          stm32g0xx_hal_uart.o
    0x080036c4   0x080036c4   0x00000010   Data   RO         3511    .constdata          stm32g0xx_hal_uart_ex.o
    0x080036d4   0x080036d4   0x00000040   Data   RO         3612    .constdata          system_stm32g0xx.o
    0x08003714   0x08003714   0x00000020   Data   RO         3613    .constdata          system_stm32g0xx.o
    0x08003734   0x08003734   0x00000020   Data   RO         3956    Region$$Table       anon$$obj.o


    Execution Region RW_IRAM1 (Exec base: 0x20000000, Load base: 0x08003754, Size: 0x000006c8, Max: 0x00002000, ABSOLUTE)

    Exec Addr    Load Addr    Size         Type   Attr      Idx    E Section Name        Object

    0x20000000   0x08003754   0x0000002b   Data   RW           24    .data               qy.o
    0x2000002b   0x0800377f   0x00000001   PAD
    0x2000002c   0x08003780   0x0000000b   Data   RW          694    .data               stm32g0xx_it.o
    0x20000037   0x0800378b   0x00000001   PAD
    0x20000038   0x0800378c   0x0000000c   Data   RW         1811    .data               stm32g0xx_hal.o
    0x20000044   0x08003798   0x00000004   Data   RW         3614    .data               system_stm32g0xx.o
    0x20000048   0x0800379c   0x00000004   Data   RW         3932    .data               mc_p.l(stdout.o)
    0x2000004c        -       0x00000040   Zero   RW          227    .bss                story.o
    0x2000008c        -       0x00000010   Zero   RW          450    .bss                iwdg.o
    0x2000009c        -       0x000000e4   Zero   RW          481    .bss                tim.o
    0x20000180        -       0x00000128   Zero   RW          536    .bss                usart.o
    0x200002a8        -       0x0000001c   Zero   RW          987    .bss                stm32g0xx_hal_flash.o
    0x200002c4   0x080037a0   0x00000004   PAD
    0x200002c8        -       0x00000400   Zero   RW            1    STACK               startup_stm32g031xx.o


==============================================================================

Image component sizes


      Code (inc. data)   RO Data    RW Data    ZI Data      Debug   Object Name

       148          8          0          0          0        887   gpio.o
        48         10          0          0         16        627   iwdg.o
       298         38          0          0          0       2178   main.o
       900         52         64         43          0     415356   qy.o
        28          8        192          0       1024        604   startup_stm32g031xx.o
       176         26          0         12          0      17577   stm32g0xx_hal.o
       148         24          0          0          0      11997   stm32g0xx_hal_cortex.o
       240         10          0          0          0       1855   stm32g0xx_hal_dma.o
       360         56          0          0         28      18822   stm32g0xx_hal_flash.o
       188         26          0          0          0       3370   stm32g0xx_hal_flash_ex.o
       370         18          0          0          0       2487   stm32g0xx_hal_gpio.o
       124         20          0          0          0       1791   stm32g0xx_hal_iwdg.o
        44          6          0          0          0        786   stm32g0xx_hal_msp.o
        76         14          0          0          0        718   stm32g0xx_hal_pwr_ex.o
      1524         88          0          0          0      22721   stm32g0xx_hal_rcc.o
       432         12          0          0          0       1652   stm32g0xx_hal_rcc_ex.o
      2254        176          0          0          0      16910   stm32g0xx_hal_tim.o
       114         10          0          0          0       2872   stm32g0xx_hal_tim_ex.o
      3974        130         24          0          0      42666   stm32g0xx_hal_uart.o
       276          6         16          0          0       5002   stm32g0xx_hal_uart_ex.o
       258         50          0         11          0       5387   stm32g0xx_it.o
       168         12          0          0         64     432104   story.o
         2          0         96          4          0       1051   system_stm32g0xx.o
       476         62          0          0        228       3266   tim.o
       392         38          0          0        296     321352   usart.o

    ----------------------------------------------------------------------
     13036        900        424         72       1660    1334038   Object Totals
         0          0         32          0          0          0   (incl. Generated)
        18          0          0          2          4          0   (incl. Padding)

    ----------------------------------------------------------------------

      Code (inc. data)   RO Data    RW Data    ZI Data      Debug   Library Member Name

         0          0          0          0          0          0   entry.o
         0          0          0          0          0          0   entry10a.o
         0          0          0          0          0          0   entry11a.o
         4          0          0          0          0          0   entry12b.o
         8          4          0          0          0          0   entry2.o
         4          0          0          0          0          0   entry5.o
         0          0          0          0          0          0   entry7b.o
         0          0          0          0          0          0   entry8b.o
         8          4          0          0          0          0   entry9a.o
        30          0          0          0          0          0   handlers.o
        36          8          0          0          0         68   init.o
        32          0          0          0          0         68   llshl.o
        34          0          0          0          0         68   llushr.o
        36          0          0          0          0        100   memseta.o
       368         12          0          0          0        168   printf1.o
         0          0          0          4          0          0   stdout.o
        44          0          0          0          0         72   uidiv.o
        96          0          0          0          0         84   uldiv.o

    ----------------------------------------------------------------------
       704         28          0          4          0        628   Library Totals
         4          0          0          0          0          0   (incl. Padding)

    ----------------------------------------------------------------------

      Code (inc. data)   RO Data    RW Data    ZI Data      Debug   Library Name

       700         28          0          4          0        628   mc_p.l

    ----------------------------------------------------------------------
       704         28          0          4          0        628   Library Totals

    ----------------------------------------------------------------------

==============================================================================


      Code (inc. data)   RO Data    RW Data    ZI Data      Debug   

     13740        928        424         76       1660    1329406   Grand Totals
     13740        928        424         76       1660    1329406   ELF Image Totals
     13740        928        424         76          0          0   ROM Totals

==============================================================================

    Total RO  Size (Code + RO Data)                14164 (  13.83kB)
    Total RW  Size (RW Data + ZI Data)              1736 (   1.70kB)
    Total ROM Size (Code + RO Data + RW Data)      14240 (  13.91kB)

==============================================================================

